test_broken_control_pipe_blocks_new_automatic_request (test_control_boundaries.ControlBoundaryTests.test_broken_control_pipe_blocks_new_automatic_request) ... ok
test_failed_initial_cgroup_move_keeps_rollback_residual_visible (test_control_boundaries.ControlBoundaryTests.test_failed_initial_cgroup_move_keeps_rollback_residual_visible) ... ok
test_partial_request_cannot_be_completed_by_takeover (test_control_boundaries.ControlBoundaryTests.test_partial_request_cannot_be_completed_by_takeover) ... ok
test_stale_identity_is_rejected_but_current_request_runs (test_control_boundaries.ControlBoundaryTests.test_stale_identity_is_rejected_but_current_request_runs) ... ok
test_background_work_survives_takeover_without_done (test_control_lifecycle.ControlLifecycleTests.test_background_work_survives_takeover_without_done) ... ok
test_control_eof_cannot_release_queued_foreground_input (test_control_lifecycle.ControlLifecycleTests.test_control_eof_cannot_release_queued_foreground_input) ... ok
test_control_loop_exit_cannot_release_queued_input_or_claim_completion (test_control_lifecycle.ControlLifecycleTests.test_control_loop_exit_cannot_release_queued_input_or_claim_completion) ... 
  test_control_loop_exit_cannot_release_queued_input_or_claim_completion (test_control_lifecycle.ControlLifecycleTests.test_control_loop_exit_cannot_release_queued_input_or_claim_completion) (shell='bash', case='return') ... FAIL
  test_control_loop_exit_cannot_release_queued_input_or_claim_completion (test_control_lifecycle.ControlLifecycleTests.test_control_loop_exit_cannot_release_queued_input_or_claim_completion) (shell='sh', case='return') ... FAIL
test_ctrl_c_at_control_wait_cannot_silently_restore_prompt (test_control_lifecycle.ControlLifecycleTests.test_ctrl_c_at_control_wait_cannot_silently_restore_prompt) ... ok
test_ctrl_c_hold_can_recover_same_shell_without_queued_input (test_control_lifecycle.ControlLifecycleTests.test_ctrl_c_hold_can_recover_same_shell_without_queued_input) ... ok
test_fd8_eof_after_foreground_wait_can_recover_same_shell (test_control_lifecycle.ControlLifecycleTests.test_fd8_eof_after_foreground_wait_can_recover_same_shell) ... ok
test_foreground_input_spill_never_executes_at_manual_prompt (test_control_lifecycle.ControlLifecycleTests.test_foreground_input_spill_never_executes_at_manual_prompt) ... ok
test_foreground_stays_controllable_before_shell_takeover_ack (test_control_lifecycle.ControlLifecycleTests.test_foreground_stays_controllable_before_shell_takeover_ack) ... ok
test_lost_recovery_ack_does_not_confirm_manual_prompt (test_control_lifecycle.ControlLifecycleTests.test_lost_recovery_ack_does_not_confirm_manual_prompt) ... ok
test_reparented_daemon_is_not_reported_done_while_alive (test_control_lifecycle.ControlLifecycleTests.test_reparented_daemon_is_not_reported_done_while_alive) ... ok
test_run_ctrl_c_does_not_execute_eval_tail_or_complete_unknown_work (test_control_lifecycle.ControlLifecycleTests.test_run_ctrl_c_does_not_execute_eval_tail_or_complete_unknown_work) ... 
  test_run_ctrl_c_does_not_execute_eval_tail_or_complete_unknown_work (test_control_lifecycle.ControlLifecycleTests.test_run_ctrl_c_does_not_execute_eval_tail_or_complete_unknown_work) (shell='bash') ... FAIL
  test_run_ctrl_c_does_not_execute_eval_tail_or_complete_unknown_work (test_control_lifecycle.ControlLifecycleTests.test_run_ctrl_c_does_not_execute_eval_tail_or_complete_unknown_work) (shell='sh') ... FAIL
test_stale_release_cannot_open_manual_prompt (test_control_lifecycle.ControlLifecycleTests.test_stale_release_cannot_open_manual_prompt) ... ok
test_background_return_is_not_experiment_completion (test_control_probe.ControlWaitExperiment.test_background_return_is_not_experiment_completion) ... ok
test_cleanup_reports_residual_group (test_control_probe.ControlWaitExperiment.test_cleanup_reports_residual_group) ... ok
test_delayed_drain_short_daemon_never_creates_done (test_control_probe.ControlWaitExperiment.test_delayed_drain_short_daemon_never_creates_done) ... ok
test_delegated_control_loss_cleanup_keeps_lifetime_unknown (test_control_probe.ControlWaitExperiment.test_delegated_control_loss_cleanup_keeps_lifetime_unknown) ... 
  test_delegated_control_loss_cleanup_keeps_lifetime_unknown (test_control_probe.ControlWaitExperiment.test_delegated_control_loss_cleanup_keeps_lifetime_unknown) (shell='bash') ... skipped 'delegated user scope unavailable'
  test_delegated_control_loss_cleanup_keeps_lifetime_unknown (test_control_probe.ControlWaitExperiment.test_delegated_control_loss_cleanup_keeps_lifetime_unknown) (shell='sh') ... skipped 'delegated user scope unavailable'
test_delegated_manual_phase_daemon_blocks_run (test_control_probe.ControlWaitExperiment.test_delegated_manual_phase_daemon_blocks_run) ... 
  test_delegated_manual_phase_daemon_blocks_run (test_control_probe.ControlWaitExperiment.test_delegated_manual_phase_daemon_blocks_run) (shell='bash') ... skipped 'delegated user scope unavailable'
  test_delegated_manual_phase_daemon_blocks_run (test_control_probe.ControlWaitExperiment.test_delegated_manual_phase_daemon_blocks_run) (shell='sh') ... skipped 'delegated user scope unavailable'
test_delegated_reparented_daemon_lifetime (test_control_probe.ControlWaitExperiment.test_delegated_reparented_daemon_lifetime) ... 
  test_delegated_reparented_daemon_lifetime (test_control_probe.ControlWaitExperiment.test_delegated_reparented_daemon_lifetime) (shell='bash') ... skipped 'delegated user scope unavailable'
  test_delegated_reparented_daemon_lifetime (test_control_probe.ControlWaitExperiment.test_delegated_reparented_daemon_lifetime) (shell='sh') ... skipped 'delegated user scope unavailable'
test_early_ready_hook_cannot_grant_control_before_handoff_wait (test_control_probe.ControlWaitExperiment.test_early_ready_hook_cannot_grant_control_before_handoff_wait) ... ok
test_non_delegated_eval_return_is_not_lifetime_done (test_control_probe.ControlWaitExperiment.test_non_delegated_eval_return_is_not_lifetime_done) ... ok
test_same_interpreter_preserves_state_without_prompt_reentry (test_control_probe.ControlWaitExperiment.test_same_interpreter_preserves_state_without_prompt_reentry) ... ok
test_takeover_before_and_after_send_blocks_new_requests (test_control_probe.ControlWaitExperiment.test_takeover_before_and_after_send_blocks_new_requests) ... ok
test_takeover_waits_for_shell_migration_and_manual_prompt (test_control_probe.ControlWaitExperiment.test_takeover_waits_for_shell_migration_and_manual_prompt) ... ok
test_unsubmitted_tail_and_background_job_block_request (test_control_probe.ControlWaitExperiment.test_unsubmitted_tail_and_background_job_block_request) ... ok
test_owner_return_requires_fresh_state_check_and_rejects_old_epoch (test_g2_shell.InputBoundaryTests.test_owner_return_requires_fresh_state_check_and_rejects_old_epoch) ... ok
test_ready_before_done_latches_command_uncertainty (test_g2_shell.InputBoundaryTests.test_ready_before_done_latches_command_uncertainty) ... ok
test_stale_ready_cannot_consume_newly_submitted_user_line (test_g2_shell.InputBoundaryTests.test_stale_ready_cannot_consume_newly_submitted_user_line) ... ok
test_bash_builtin_override_cannot_hide_post_handoff_job (test_g2_shell.RealShellGateTests.test_bash_builtin_override_cannot_hide_post_handoff_job) ... 
  test_bash_builtin_override_cannot_hide_post_handoff_job (test_g2_shell.RealShellGateTests.test_bash_builtin_override_cannot_hide_post_handoff_job) (check='can_dispatch') ... FAIL
  test_bash_builtin_override_cannot_hide_post_handoff_job (test_g2_shell.RealShellGateTests.test_bash_builtin_override_cannot_hide_post_handoff_job) (check='dispatch') ... FAIL
test_bash_ready_probe_before_prompt_hook_finishes_cannot_authorize_dispatch (test_g2_shell.RealShellGateTests.test_bash_ready_probe_before_prompt_hook_finishes_cannot_authorize_dispatch) ... FAIL
test_dash_jobs_override_cannot_hide_post_handoff_job (test_g2_shell.RealShellGateTests.test_dash_jobs_override_cannot_hide_post_handoff_job) ... 
  test_dash_jobs_override_cannot_hide_post_handoff_job (test_g2_shell.RealShellGateTests.test_dash_jobs_override_cannot_hide_post_handoff_job) (check='can_dispatch') ... FAIL
  test_dash_jobs_override_cannot_hide_post_handoff_job (test_g2_shell.RealShellGateTests.test_dash_jobs_override_cannot_hide_post_handoff_job) (check='dispatch') ... FAIL
test_dash_parent_job_after_snapshot_cannot_escape_prompt_subshell_probe (test_g2_shell.RealShellGateTests.test_dash_parent_job_after_snapshot_cannot_escape_prompt_subshell_probe) ... 
  test_dash_parent_job_after_snapshot_cannot_escape_prompt_subshell_probe (test_g2_shell.RealShellGateTests.test_dash_parent_job_after_snapshot_cannot_escape_prompt_subshell_probe) (check='can_dispatch') ... FAIL
  test_dash_parent_job_after_snapshot_cannot_escape_prompt_subshell_probe (test_g2_shell.RealShellGateTests.test_dash_parent_job_after_snapshot_cannot_escape_prompt_subshell_probe) (check='dispatch') ... FAIL
test_failure_repl_interrupt_and_exit_never_become_clean (test_g2_shell.RealShellGateTests.test_failure_repl_interrupt_and_exit_never_become_clean) ... ok
test_handoff_before_last_user_command_does_not_authorize_dispatch (test_g2_shell.RealShellGateTests.test_handoff_before_last_user_command_does_not_authorize_dispatch) ... ok
test_handoff_text_inside_ps2_does_not_authorize_dispatch (test_g2_shell.RealShellGateTests.test_handoff_text_inside_ps2_does_not_authorize_dispatch) ... ok
test_lost_hook_and_cancel_remain_blocked_after_handoff (test_g2_shell.RealShellGateTests.test_lost_hook_and_cancel_remain_blocked_after_handoff) ... ok
test_lost_prompt_hook_keeps_auto_dispatch_blocked (test_g2_shell.RealShellGateTests.test_lost_prompt_hook_keeps_auto_dispatch_blocked) ... ok
test_manual_background_job_before_owner_return_blocks_auto_dispatch (test_g2_shell.RealShellGateTests.test_manual_background_job_before_owner_return_blocks_auto_dispatch) ... ok
test_manual_background_job_remains_blocked_after_handoff (test_g2_shell.RealShellGateTests.test_manual_background_job_remains_blocked_after_handoff) ... ok
test_manual_cd_export_requires_direct_handoff_in_the_same_shell (test_g2_shell.RealShellGateTests.test_manual_cd_export_requires_direct_handoff_in_the_same_shell) ... ok
test_manual_suspended_job_remains_blocked_after_handoff (test_g2_shell.RealShellGateTests.test_manual_suspended_job_remains_blocked_after_handoff) ... ok
test_nested_interactive_shell_latches_unknown (test_g2_shell.RealShellGateTests.test_nested_interactive_shell_latches_unknown) ... ok
test_nested_shell_handoff_cannot_authorize_parent_dispatch (test_g2_shell.RealShellGateTests.test_nested_shell_handoff_cannot_authorize_parent_dispatch) ... ok
test_prompt_hook_job_after_handoff_snapshot_blocks_auto_dispatch (test_g2_shell.RealShellGateTests.test_prompt_hook_job_after_handoff_snapshot_blocks_auto_dispatch) ... ok
test_real_current_shell_jobs_fd9_reports_background_and_suspend (test_g2_shell.RealShellGateTests.test_real_current_shell_jobs_fd9_reports_background_and_suspend) ... ok
test_redefined_prompt_function_job_after_handoff_blocks_auto_dispatch (test_g2_shell.RealShellGateTests.test_redefined_prompt_function_job_after_handoff_blocks_auto_dispatch) ... ok
test_unsubmitted_tail_after_handoff_blocks_auto_dispatch (test_g2_shell.RealShellGateTests.test_unsubmitted_tail_after_handoff_blocks_auto_dispatch) ... ok
test_unsubmitted_user_line_and_paste_fail_closed (test_g2_shell.RealShellGateTests.test_unsubmitted_user_line_and_paste_fail_closed) ... ok
test_unterminated_manual_quote_keeps_auto_dispatch_blocked (test_g2_shell.RealShellGateTests.test_unterminated_manual_quote_keeps_auto_dispatch_blocked) ... ok
test_bash_is_preferred_and_sh_is_fixed_fallback (test_g2_shell.ShellSelectionTests.test_bash_is_preferred_and_sh_is_fixed_fallback) ... ok
test_startup_requirement_when_bash_and_sh_are_absent (test_g2_shell.ShellSelectionTests.test_startup_requirement_when_bash_and_sh_are_absent) ... ok
test_aggregate_reports_no_t_parent_wait_as_inconclusive (test_live_combined_boundary_predicates.CombinedInputReturnPredicatesTest.test_aggregate_reports_no_t_parent_wait_as_inconclusive) ... ok
test_aggregate_treats_missing_cont_event_as_failure (test_live_combined_boundary_predicates.CombinedInputReturnPredicatesTest.test_aggregate_treats_missing_cont_event_as_failure) ... ok
test_cont_cell_rejects_missing_signal_event (test_live_combined_boundary_predicates.CombinedInputReturnPredicatesTest.test_cont_cell_rejects_missing_signal_event) ... ok
test_early_release_signals_are_consumed_once_each (test_live_combined_boundary_predicates.CombinedInputReturnPredicatesTest.test_early_release_signals_are_consumed_once_each) ... ok
test_errexit_preserves_control_status_and_preexisting_int_trap (test_live_combined_boundary_predicates.CombinedInputReturnPredicatesTest.test_errexit_preserves_control_status_and_preexisting_int_trap) ... ok
test_missing_both_flushes_exposes_stale_input (test_live_combined_boundary_predicates.CombinedInputReturnPredicatesTest.test_missing_both_flushes_exposes_stale_input) ... ok
test_missing_child_ready_never_sends_interrupt (test_live_combined_boundary_predicates.CombinedInputReturnPredicatesTest.test_missing_child_ready_never_sends_interrupt) ... ok
test_missing_signal_delivery_times_out_for_each_native_signal (test_live_combined_boundary_predicates.CombinedInputReturnPredicatesTest.test_missing_signal_delivery_times_out_for_each_native_signal) ... ok
test_parent_wait_ctrl_c_stays_in_control_and_restores_int_trap (test_live_combined_boundary_predicates.CombinedInputReturnPredicatesTest.test_parent_wait_ctrl_c_stays_in_control_and_restores_int_trap) ... ok
test_parent_wait_tstp_requires_a_real_stopped_state (test_live_combined_boundary_predicates.CombinedInputReturnPredicatesTest.test_parent_wait_tstp_requires_a_real_stopped_state) ... ok
test_running_child_ctrl_c_keeps_no_tail_and_reap_barriers (test_live_combined_boundary_predicates.CombinedInputReturnPredicatesTest.test_running_child_ctrl_c_keeps_no_tail_and_reap_barriers) ... ok
test_start_and_return_signal_matrix_keeps_causal_barriers (test_live_combined_boundary_predicates.CombinedInputReturnPredicatesTest.test_start_and_return_signal_matrix_keeps_causal_barriers) ... ok
test_unrelated_live_pid_cannot_claim_child_ready (test_live_combined_boundary_predicates.CombinedInputReturnPredicatesTest.test_unrelated_live_pid_cannot_claim_child_ready) ... ok
test_wrong_signal_and_delivery_error_do_not_pass_cell (test_live_combined_boundary_predicates.CombinedInputReturnPredicatesTest.test_wrong_signal_and_delivery_error_do_not_pass_cell) ... ok
test_changed_positive_start_time_cannot_pass (test_live_env_launch_predicates.EnvLaunchPredicatesTest.test_changed_positive_start_time_cannot_pass) ... ok
test_child_identity_is_live_after_exec_before_release (test_live_env_launch_predicates.EnvLaunchPredicatesTest.test_child_identity_is_live_after_exec_before_release) ... ok
test_duplicate_child_ready_cannot_pass (test_live_env_launch_predicates.EnvLaunchPredicatesTest.test_duplicate_child_ready_cannot_pass) ... ok
test_environment_and_venv_preserve_parent_after_takeover (test_live_env_launch_predicates.EnvLaunchPredicatesTest.test_environment_and_venv_preserve_parent_after_takeover) ... ok
test_incompatible_hooks_reject_before_experiment_start (test_live_env_launch_predicates.EnvLaunchPredicatesTest.test_incompatible_hooks_reject_before_experiment_start) ... ok
test_invalid_child_identity_or_exe_is_rejected (test_live_env_launch_predicates.EnvLaunchPredicatesTest.test_invalid_child_identity_or_exe_is_rejected) ... ok
test_pinned_fallback_literal_argv_and_unavailable_conda (test_live_env_launch_predicates.EnvLaunchPredicatesTest.test_pinned_fallback_literal_argv_and_unavailable_conda) ... ok
test_wrong_actual_shell_rejected_with_unchanged_launch_event (test_live_env_launch_predicates.EnvLaunchPredicatesTest.test_wrong_actual_shell_rejected_with_unchanged_launch_event) ... ok
test_always_allow_candidate_fails_the_live_residue_hold (test_live_hook_env_predicates.HookEnvPredicatesTest.test_always_allow_candidate_fails_the_live_residue_hold) ... ok
test_always_deny_candidate_fails_the_supported_post_cleanup_case (test_live_hook_env_predicates.HookEnvPredicatesTest.test_always_deny_candidate_fails_the_supported_post_cleanup_case) ... ok
test_cleanup_failures_restore_subreaper_and_propagate_original_error (test_live_hook_env_predicates.HookEnvPredicatesTest.test_cleanup_failures_restore_subreaper_and_propagate_original_error) ... ok
test_owned_manual_residue_holds_then_same_parent_recheck_proceeds (test_live_hook_env_predicates.HookEnvPredicatesTest.test_owned_manual_residue_holds_then_same_parent_recheck_proceeds) ... ok
test_restore_omitting_cleanup_mutation_is_detected (test_live_hook_env_predicates.HookEnvPredicatesTest.test_restore_omitting_cleanup_mutation_is_detected) ... ok
test_user_confirmation_cannot_clear_the_live_unknown_scope (test_live_hook_env_predicates.HookEnvPredicatesTest.test_user_confirmation_cannot_clear_the_live_unknown_scope) ... ok
test_all_deny_candidate_fails_normal_admission_control (test_live_input_jobs_predicates.InputJobsPredicatesTest.test_all_deny_candidate_fails_normal_admission_control) ... ok
test_control_ready_cannot_clear_jobs_or_pasted_and_partial_input (test_live_input_jobs_predicates.InputJobsPredicatesTest.test_control_ready_cannot_clear_jobs_or_pasted_and_partial_input) ... ok
test_control_ready_requires_completed_job_probe_and_current_parent (test_live_input_jobs_predicates.InputJobsPredicatesTest.test_control_ready_requires_completed_job_probe_and_current_parent) ... ok
test_invalid_or_incomplete_completion_cannot_clear_the_active_command (test_live_input_jobs_predicates.InputJobsPredicatesTest.test_invalid_or_incomplete_completion_cannot_clear_the_active_command) ... ok
test_missing_flush_exposes_the_rejected_handoff_trailing_line (test_live_input_jobs_predicates.InputJobsPredicatesTest.test_missing_flush_exposes_the_rejected_handoff_trailing_line) ... ok
test_missing_or_reordered_completion_stays_closed_after_fresh_handoff (test_live_input_jobs_predicates.InputJobsPredicatesTest.test_missing_or_reordered_completion_stays_closed_after_fresh_handoff) ... ok
test_second_dispatch_cannot_bypass_a_rejected_guard (test_live_input_jobs_predicates.InputJobsPredicatesTest.test_second_dispatch_cannot_bypass_a_rejected_guard) ... ok
test_second_handoff_and_dispatch_use_the_same_parent_after_input_return (test_live_input_jobs_predicates.InputJobsPredicatesTest.test_second_handoff_and_dispatch_use_the_same_parent_after_input_return) ... ok
test_general_input_bypass_leaks_without_ack_confirmation (test_live_takeover_predicates.TakeoverPredicatesTest.test_general_input_bypass_leaks_without_ack_confirmation) ... ok
test_lost_and_delayed_ack_do_not_replay_the_request (test_live_takeover_predicates.TakeoverPredicatesTest.test_lost_and_delayed_ack_do_not_replay_the_request) ... ok
test_missing_input_flush_exposes_a_stale_marker_at_the_parent_prompt (test_live_takeover_predicates.TakeoverPredicatesTest.test_missing_input_flush_exposes_a_stale_marker_at_the_parent_prompt) ... ok
test_missing_per_chunk_revalidation_leaks_tail_at_the_parent_prompt (test_live_takeover_predicates.TakeoverPredicatesTest.test_missing_per_chunk_revalidation_leaks_tail_at_the_parent_prompt) ... ok
test_missing_retry_revalidation_leaks_after_first_eagain_or_zero_write (test_live_takeover_predicates.TakeoverPredicatesTest.test_missing_retry_revalidation_leaks_after_first_eagain_or_zero_write) ... ok
test_partial_write_withholds_tail_after_observed_foreground_exit (test_live_takeover_predicates.TakeoverPredicatesTest.test_partial_write_withholds_tail_after_observed_foreground_exit) ... ok
test_ready_without_ack_is_rejected_as_a_confirmation (test_live_takeover_predicates.TakeoverPredicatesTest.test_ready_without_ack_is_rejected_as_a_confirmation) ... ok
test_zero_progress_retry_withholds_input_after_foreground_exit (test_live_takeover_predicates.TakeoverPredicatesTest.test_zero_progress_retry_withholds_input_after_foreground_exit) ... ok
test_adoption_must_point_to_this_supervisor (test_subreaper_lifetime_predicates.SubreaperLifetimePredicatesTest.test_adoption_must_point_to_this_supervisor) ... ok
test_empty_wait_requires_echild_after_reap (test_subreaper_lifetime_predicates.SubreaperLifetimePredicatesTest.test_empty_wait_requires_echild_after_reap) ... ok
test_live_descendant_cannot_be_reported_as_empty (test_subreaper_lifetime_predicates.SubreaperLifetimePredicatesTest.test_live_descendant_cannot_be_reported_as_empty) ... ok
test_pid_start_time_must_match_live_process (test_subreaper_lifetime_predicates.SubreaperLifetimePredicatesTest.test_pid_start_time_must_match_live_process) ... ok
test_real_observation_succeeds_and_cleans_up (test_subreaper_lifetime_predicates.SubreaperLifetimePredicatesTest.test_real_observation_succeeds_and_cleans_up) ... ok
test_reaped_descendant_must_have_expected_pid_and_exit (test_subreaper_lifetime_predicates.SubreaperLifetimePredicatesTest.test_reaped_descendant_must_have_expected_pid_and_exit) ... ok
test_reported_residual_process_prevents_completion (test_subreaper_lifetime_predicates.SubreaperLifetimePredicatesTest.test_reported_residual_process_prevents_completion) ... ok

======================================================================
FAIL: test_control_loop_exit_cannot_release_queued_input_or_claim_completion (test_control_lifecycle.ControlLifecycleTests.test_control_loop_exit_cannot_release_queued_input_or_claim_completion) (shell='bash', case='return')
----------------------------------------------------------------------
Traceback (most recent call last):
  File "/home/dwchoo/ai-exp-assistant/tests/gates/g2_shell/test_control_lifecycle.py", line 325, in test_control_loop_exit_cannot_release_queued_input_or_claim_completion
    self.assertNotIn("LOOP_ESCAPE_EXECUTED", later)
AssertionError: 'LOOP_ESCAPE_EXECUTED' unexpectedly found in ('READY', 'LOOP_ESCAPE_EXECUTED', 'READY')

======================================================================
FAIL: test_control_loop_exit_cannot_release_queued_input_or_claim_completion (test_control_lifecycle.ControlLifecycleTests.test_control_loop_exit_cannot_release_queued_input_or_claim_completion) (shell='sh', case='return')
----------------------------------------------------------------------
Traceback (most recent call last):
  File "/home/dwchoo/ai-exp-assistant/tests/gates/g2_shell/test_control_lifecycle.py", line 325, in test_control_loop_exit_cannot_release_queued_input_or_claim_completion
    self.assertNotIn("LOOP_ESCAPE_EXECUTED", later)
AssertionError: 'LOOP_ESCAPE_EXECUTED' unexpectedly found in ('READY', 'LOOP_ESCAPE_EXECUTED', 'READY')

======================================================================
FAIL: test_run_ctrl_c_does_not_execute_eval_tail_or_complete_unknown_work (test_control_lifecycle.ControlLifecycleTests.test_run_ctrl_c_does_not_execute_eval_tail_or_complete_unknown_work) (shell='bash')
----------------------------------------------------------------------
Traceback (most recent call last):
  File "/home/dwchoo/ai-exp-assistant/tests/gates/g2_shell/test_control_lifecycle.py", line 299, in test_run_ctrl_c_does_not_execute_eval_tail_or_complete_unknown_work
    self.assertIn("CONTROL_STOPPED", session.events)
AssertionError: 'CONTROL_STOPPED' not found in ('READY', 'HANDOFF:2930539', 'JOBS_BEGIN:HANDOFF', 'JOBS_END:HANDOFF', 'WAIT:2930539', 'ACCEPT:interrupt-run', 'START:interrupt-run', 'READY')

======================================================================
FAIL: test_run_ctrl_c_does_not_execute_eval_tail_or_complete_unknown_work (test_control_lifecycle.ControlLifecycleTests.test_run_ctrl_c_does_not_execute_eval_tail_or_complete_unknown_work) (shell='sh')
----------------------------------------------------------------------
Traceback (most recent call last):
  File "/home/dwchoo/ai-exp-assistant/tests/gates/g2_shell/test_control_lifecycle.py", line 300, in test_run_ctrl_c_does_not_execute_eval_tail_or_complete_unknown_work
    self.assertNotIn("RUN_TAIL_EXECUTED", session.events)
AssertionError: 'RUN_TAIL_EXECUTED' unexpectedly found in ('READY', 'HANDOFF:2930553', 'JOBS_BEGIN:HANDOFF', 'JOBS_END:HANDOFF', 'WAIT:2930553', 'ACCEPT:interrupt-run', 'START:interrupt-run', 'CONTROL_INTERRUPTED', 'RUN_TAIL_EXECUTED', 'JOBS_BEGIN:interrupt-run', 'JOBS_END:interrupt-run', 'RETURN:interrupt-run:0', 'EVAL_RETURNED:interrupt-run:0', 'LIFETIME_UNKNOWN:interrupt-run', 'RECOVERY_WAIT:1', 'CONTROL_STOPPED')

======================================================================
FAIL: test_bash_builtin_override_cannot_hide_post_handoff_job (test_g2_shell.RealShellGateTests.test_bash_builtin_override_cannot_hide_post_handoff_job) (check='can_dispatch')
----------------------------------------------------------------------
Traceback (most recent call last):
  File "/home/dwchoo/ai-exp-assistant/tests/gates/g2_shell/test_g2_shell.py", line 335, in test_bash_builtin_override_cannot_hide_post_handoff_job
    self.assertFalse(session.boundary.can_dispatch(
AssertionError: True is not false

======================================================================
FAIL: test_bash_builtin_override_cannot_hide_post_handoff_job (test_g2_shell.RealShellGateTests.test_bash_builtin_override_cannot_hide_post_handoff_job) (check='dispatch')
----------------------------------------------------------------------
Traceback (most recent call last):
  File "/home/dwchoo/ai-exp-assistant/tests/gates/g2_shell/test_g2_shell.py", line 339, in test_bash_builtin_override_cannot_hide_post_handoff_job
    self.assert_dispatch_blocked_without_write(session, "behind-builtin-override", epoch)
  File "/home/dwchoo/ai-exp-assistant/tests/gates/g2_shell/test_g2_shell.py", line 102, in assert_dispatch_blocked_without_write
    with self.assertRaises(UnsafeShellState):
AssertionError: UnsafeShellState not raised

======================================================================
FAIL: test_bash_ready_probe_before_prompt_hook_finishes_cannot_authorize_dispatch (test_g2_shell.RealShellGateTests.test_bash_ready_probe_before_prompt_hook_finishes_cannot_authorize_dispatch)
----------------------------------------------------------------------
Traceback (most recent call last):
  File "/home/dwchoo/ai-exp-assistant/tests/gates/g2_shell/test_g2_shell.py", line 387, in test_bash_ready_probe_before_prompt_hook_finishes_cannot_authorize_dispatch
    self.assertFalse(dispatchable_while_paused)
AssertionError: True is not false

======================================================================
FAIL: test_dash_jobs_override_cannot_hide_post_handoff_job (test_g2_shell.RealShellGateTests.test_dash_jobs_override_cannot_hide_post_handoff_job) (check='can_dispatch')
----------------------------------------------------------------------
Traceback (most recent call last):
  File "/home/dwchoo/ai-exp-assistant/tests/gates/g2_shell/test_g2_shell.py", line 421, in test_dash_jobs_override_cannot_hide_post_handoff_job
    self.assertFalse(session.boundary.can_dispatch(
AssertionError: True is not false

======================================================================
FAIL: test_dash_jobs_override_cannot_hide_post_handoff_job (test_g2_shell.RealShellGateTests.test_dash_jobs_override_cannot_hide_post_handoff_job) (check='dispatch')
----------------------------------------------------------------------
Traceback (most recent call last):
  File "/home/dwchoo/ai-exp-assistant/tests/gates/g2_shell/test_g2_shell.py", line 425, in test_dash_jobs_override_cannot_hide_post_handoff_job
    self.assert_dispatch_blocked_without_write(session, "behind-jobs-override", epoch)
  File "/home/dwchoo/ai-exp-assistant/tests/gates/g2_shell/test_g2_shell.py", line 102, in assert_dispatch_blocked_without_write
    with self.assertRaises(UnsafeShellState):
AssertionError: UnsafeShellState not raised

======================================================================
FAIL: test_dash_parent_job_after_snapshot_cannot_escape_prompt_subshell_probe (test_g2_shell.RealShellGateTests.test_dash_parent_job_after_snapshot_cannot_escape_prompt_subshell_probe) (check='can_dispatch')
----------------------------------------------------------------------
Traceback (most recent call last):
  File "/home/dwchoo/ai-exp-assistant/tests/gates/g2_shell/test_g2_shell.py", line 455, in test_dash_parent_job_after_snapshot_cannot_escape_prompt_subshell_probe
    self.assertFalse(session.boundary.can_dispatch(
AssertionError: True is not false

======================================================================
FAIL: test_dash_parent_job_after_snapshot_cannot_escape_prompt_subshell_probe (test_g2_shell.RealShellGateTests.test_dash_parent_job_after_snapshot_cannot_escape_prompt_subshell_probe) (check='dispatch')
----------------------------------------------------------------------
Traceback (most recent call last):
  File "/home/dwchoo/ai-exp-assistant/tests/gates/g2_shell/test_g2_shell.py", line 459, in test_dash_parent_job_after_snapshot_cannot_escape_prompt_subshell_probe
    self.assert_dispatch_blocked_without_write(session, "behind-parent-job", epoch)
  File "/home/dwchoo/ai-exp-assistant/tests/gates/g2_shell/test_g2_shell.py", line 102, in assert_dispatch_blocked_without_write
    with self.assertRaises(UnsafeShellState):
AssertionError: UnsafeShellState not raised

----------------------------------------------------------------------
Ran 105 tests in 90.342s

FAILED (failures=11, skipped=6)
