{
  "results": [
    {
      "shell": "bash",
      "case": "unsubmitted",
      "admission": "held",
      "stale_identity_held": false,
      "successful_dispatches": 0,
      "parent_prompt_and_new_input": false,
      "marker_absent": true,
      "owned_pids_stopped": [
        3922584
      ]
    },
    {
      "shell": "bash",
      "case": "multiline",
      "admission": "held",
      "stale_identity_held": false,
      "successful_dispatches": 0,
      "parent_prompt_and_new_input": false,
      "marker_absent": true,
      "owned_pids_stopped": [
        3922585
      ]
    },
    {
      "shell": "bash",
      "case": "repl",
      "admission": "held",
      "stale_identity_held": false,
      "successful_dispatches": 0,
      "parent_prompt_and_new_input": false,
      "marker_absent": true,
      "owned_pids_stopped": [
        3922586,
        3922587
      ]
    },
    {
      "shell": "bash",
      "case": "background",
      "admission": "held",
      "stale_identity_held": false,
      "successful_dispatches": 0,
      "parent_prompt_and_new_input": true,
      "marker_absent": true,
      "owned_pids_stopped": [
        3922588,
        3922589
      ]
    },
    {
      "shell": "bash",
      "case": "suspended",
      "admission": "held",
      "stale_identity_held": false,
      "successful_dispatches": 0,
      "parent_prompt_and_new_input": true,
      "marker_absent": true,
      "owned_pids_stopped": [
        3922592,
        3922593
      ]
    },
    {
      "shell": "bash",
      "case": "handoff_trailing",
      "admission": "held",
      "stale_identity_held": false,
      "successful_dispatches": 0,
      "parent_prompt_and_new_input": true,
      "marker_absent": true,
      "owned_pids_stopped": [
        3922596
      ]
    },
    {
      "shell": "bash",
      "case": "partial_write",
      "admission": "held",
      "stale_identity_held": false,
      "successful_dispatches": 0,
      "parent_prompt_and_new_input": true,
      "marker_absent": true,
      "owned_pids_stopped": [
        3922599
      ]
    },
    {
      "shell": "bash",
      "case": "paste",
      "admission": "held",
      "stale_identity_held": false,
      "successful_dispatches": 0,
      "parent_prompt_and_new_input": true,
      "marker_absent": true,
      "owned_pids_stopped": [
        3922602
      ]
    },
    {
      "shell": "bash",
      "case": "query_reply",
      "admission": "held",
      "stale_identity_held": false,
      "successful_dispatches": 0,
      "parent_prompt_and_new_input": true,
      "marker_absent": true,
      "owned_pids_stopped": [
        3922605
      ]
    },
    {
      "shell": "bash",
      "case": "clean",
      "admission": "accepted",
      "stale_identity_held": true,
      "successful_dispatches": 2,
      "parent_prompt_and_new_input": true,
      "marker_absent": true,
      "owned_pids_stopped": [
        3922608,
        3922612,
        3922616,
        3922620,
        3922621
      ]
    },
    {
      "shell": "bash",
      "negative": false,
      "barriers": [
        "main_return",
        "descendant_live",
        "signal_observed",
        "descendant_reaped",
        "wait_empty",
        "input_barrier",
        "input_released",
        "parent_wait",
        "prompt",
        "new_input"
      ],
      "marker_spilled": false,
      "parent_pid_preserved": true,
      "following_line_suppressed": true,
      "queued_marker_spilled": false,
      "trap_restored": true,
      "owned_pids": [
        3922623,
        3922626,
        3922627,
        3922629
      ]
    },
    {
      "shell": "bash",
      "negative": true,
      "barriers": [
        "main_return",
        "descendant_live",
        "no_signal_control",
        "descendant_reaped",
        "wait_empty",
        "input_barrier",
        "input_released",
        "parent_wait",
        "prompt",
        "new_input"
      ],
      "marker_spilled": true,
      "parent_pid_preserved": true,
      "following_line_suppressed": true,
      "queued_marker_spilled": true,
      "trap_restored": true,
      "owned_pids": [
        3922635,
        3922638,
        3922639,
        3922641
      ]
    },
    {
      "shell": "dash",
      "case": "unsubmitted",
      "admission": "held",
      "stale_identity_held": false,
      "successful_dispatches": 0,
      "parent_prompt_and_new_input": false,
      "marker_absent": true,
      "owned_pids_stopped": [
        3922643
      ]
    },
    {
      "shell": "dash",
      "case": "multiline",
      "admission": "held",
      "stale_identity_held": false,
      "successful_dispatches": 0,
      "parent_prompt_and_new_input": false,
      "marker_absent": true,
      "owned_pids_stopped": [
        3922646
      ]
    },
    {
      "shell": "dash",
      "case": "repl",
      "admission": "held",
      "stale_identity_held": false,
      "successful_dispatches": 0,
      "parent_prompt_and_new_input": false,
      "marker_absent": true,
      "owned_pids_stopped": [
        3922649,
        3922652
      ]
    },
    {
      "shell": "dash",
      "case": "background",
      "admission": "held",
      "stale_identity_held": false,
      "successful_dispatches": 0,
      "parent_prompt_and_new_input": true,
      "marker_absent": true,
      "owned_pids_stopped": [
        3922654,
        3922657
      ]
    },
    {
      "shell": "dash",
      "case": "suspended",
      "admission": "held",
      "stale_identity_held": false,
      "successful_dispatches": 0,
      "parent_prompt_and_new_input": true,
      "marker_absent": true,
      "owned_pids_stopped": [
        3922667,
        3922670
      ]
    },
    {
      "shell": "dash",
      "case": "handoff_trailing",
      "admission": "held",
      "stale_identity_held": false,
      "successful_dispatches": 0,
      "parent_prompt_and_new_input": true,
      "marker_absent": true,
      "owned_pids_stopped": [
        3922678
      ]
    },
    {
      "shell": "dash",
      "case": "partial_write",
      "admission": "held",
      "stale_identity_held": false,
      "successful_dispatches": 0,
      "parent_prompt_and_new_input": true,
      "marker_absent": true,
      "owned_pids_stopped": [
        3922685
      ]
    },
    {
      "shell": "dash",
      "case": "paste",
      "admission": "held",
      "stale_identity_held": false,
      "successful_dispatches": 0,
      "parent_prompt_and_new_input": true,
      "marker_absent": true,
      "owned_pids_stopped": [
        3922692
      ]
    },
    {
      "shell": "dash",
      "case": "query_reply",
      "admission": "held",
      "stale_identity_held": false,
      "successful_dispatches": 0,
      "parent_prompt_and_new_input": true,
      "marker_absent": true,
      "owned_pids_stopped": [
        3922699
      ]
    },
    {
      "shell": "dash",
      "case": "clean",
      "admission": "accepted",
      "stale_identity_held": true,
      "successful_dispatches": 2,
      "parent_prompt_and_new_input": true,
      "marker_absent": true,
      "owned_pids_stopped": [
        3922706,
        3922711,
        3922712,
        3922718,
        3922719
      ]
    },
    {
      "shell": "dash",
      "negative": false,
      "barriers": [
        "main_return",
        "descendant_live",
        "signal_observed",
        "descendant_reaped",
        "wait_empty",
        "input_barrier",
        "input_released",
        "parent_wait",
        "prompt",
        "new_input"
      ],
      "marker_spilled": false,
      "parent_pid_preserved": true,
      "following_line_suppressed": true,
      "queued_marker_spilled": false,
      "trap_restored": true,
      "owned_pids": [
        3922723,
        3922727,
        3922728,
        3922735
      ]
    },
    {
      "shell": "dash",
      "negative": true,
      "barriers": [
        "main_return",
        "descendant_live",
        "no_signal_control",
        "descendant_reaped",
        "wait_empty",
        "input_barrier",
        "input_released",
        "parent_wait",
        "prompt",
        "new_input"
      ],
      "marker_spilled": true,
      "parent_pid_preserved": true,
      "following_line_suppressed": true,
      "queued_marker_spilled": true,
      "trap_restored": true,
      "owned_pids": [
        3922739,
        3922743,
        3922744,
        3922747
      ]
    }
  ],
  "unknown": [
    "external writers bypassing the owner gate",
    "pre-supervisor manual daemons",
    "production adapter integration"
  ]
}
