test_coalescing_invalidates_older_owner_ticket (test_atomic_admission.AdmissionTests.test_coalescing_invalidates_older_owner_ticket) ... ok
test_dispatch_wins_and_blocks_writer_until_submission_returns (test_atomic_admission.AdmissionTests.test_dispatch_wins_and_blocks_writer_until_submission_returns) ... ok
test_exit_fence_precedes_blocking_or_failed_display (test_atomic_admission.AdmissionTests.test_exit_fence_precedes_blocking_or_failed_display) ... ok
test_idempotent_run_observation_and_authority_only_pause_preserve_cadence (test_atomic_admission.AdmissionTests.test_idempotent_run_observation_and_authority_only_pause_preserve_cadence) ... ok
test_reentrant_concurrent_and_unknown_delivery_are_not_replayed (test_atomic_admission.AdmissionTests.test_reentrant_concurrent_and_unknown_delivery_are_not_replayed) ... ok
test_review_count_resets_with_new_incarnation (test_atomic_admission.AdmissionTests.test_review_count_resets_with_new_incarnation) ... ok
test_run_change_during_ticket_issuance_discards_old_due (test_atomic_admission.AdmissionTests.test_run_change_during_ticket_issuance_discards_old_due) ... ok
test_same_identity_new_incarnation_starts_its_own_sixty_second_baseline (test_atomic_admission.AdmissionTests.test_same_identity_new_incarnation_starts_its_own_sixty_second_baseline) ... ok
test_scheduler_keeps_pause_latest_but_not_aba_stale_ticket (test_atomic_admission.AdmissionTests.test_scheduler_keeps_pause_latest_but_not_aba_stale_ticket) ... ok
test_scheduler_uses_owner_writes_after_readiness_callback (test_atomic_admission.AdmissionTests.test_scheduler_uses_owner_writes_after_readiness_callback) ... ok
test_ticket_forgery_other_owner_and_legacy_pairing_fail_closed (test_atomic_admission.AdmissionTests.test_ticket_forgery_other_owner_and_legacy_pairing_fail_closed) ... ok
test_writer_wins_pause_cancel_revoke_replacement_and_aba (test_atomic_admission.AdmissionTests.test_writer_wins_pause_cancel_revoke_replacement_and_aba) ... ok
test_aba_does_not_reauthorize_a_request_from_before_replacement (test_atomic_admission_independent.IndependentAdmissionTests.test_aba_does_not_reauthorize_a_request_from_before_replacement) ... ok
test_callback_hints_cannot_change_authoritative_owner (test_atomic_admission_independent.IndependentAdmissionTests.test_callback_hints_cannot_change_authoritative_owner) ... ok
test_concurrent_and_reentrant_ticks_submit_once (test_atomic_admission_independent.IndependentAdmissionTests.test_concurrent_and_reentrant_ticks_submit_once) ... ok
test_dispatch_wins_then_each_writer_waits_for_started_submission (test_atomic_admission_independent.IndependentAdmissionTests.test_dispatch_wins_then_each_writer_waits_for_started_submission) ... ok
test_idempotent_active_run_observation_preserves_pending_ticket (test_atomic_admission_independent.IndependentAdmissionTests.test_idempotent_active_run_observation_preserves_pending_ticket) ... ok
test_malformed_authority_and_unknown_delivery_fail_closed (test_atomic_admission_independent.IndependentAdmissionTests.test_malformed_authority_and_unknown_delivery_fail_closed) ... ok
test_new_incarnation_observed_immediately_has_exact_new_boundary (test_atomic_admission_independent.IndependentAdmissionTests.test_new_incarnation_observed_immediately_has_exact_new_boundary) ... ok
test_owner_ticket_cannot_be_forged_reused_or_repaired_with_an_epoch (test_atomic_admission_independent.IndependentAdmissionTests.test_owner_ticket_cannot_be_forged_reused_or_repaired_with_an_epoch) ... ok
test_pause_held_due_review_does_not_cross_same_identity_new_incarnation (test_atomic_admission_independent.IndependentAdmissionTests.test_pause_held_due_review_does_not_cross_same_identity_new_incarnation) ... ok
test_pause_held_review_resumes_in_same_run_incarnation (test_atomic_admission_independent.IndependentAdmissionTests.test_pause_held_review_resumes_in_same_run_incarnation) ... ok
test_run_replacement_while_ticket_is_issued_resets_schedule (test_atomic_admission_independent.IndependentAdmissionTests.test_run_replacement_while_ticket_is_issued_resets_schedule) ... ok
test_scheduler_coalescing_discards_superseded_ticket (test_atomic_admission_independent.IndependentAdmissionTests.test_scheduler_coalescing_discards_superseded_ticket) ... ok
test_scheduler_has_no_unchecked_dispatch_when_owner_denies (test_atomic_admission_independent.IndependentAdmissionTests.test_scheduler_has_no_unchecked_dispatch_when_owner_denies) ... ok
test_writer_wins_before_admission_for_every_authority_writer (test_atomic_admission_independent.IndependentAdmissionTests.test_writer_wins_before_admission_for_every_authority_writer) ... ok
test_constructor_and_first_activation_incarnations_are_positive_and_monotonic (test_exit_incarnation.ExitIncarnationTests.test_constructor_and_first_activation_incarnations_are_positive_and_monotonic) ... ok
test_exit_then_same_identity_new_incarnation_has_own_review_and_exit (test_exit_incarnation.ExitIncarnationTests.test_exit_then_same_identity_new_incarnation_has_own_review_and_exit) ... ok
test_internal_facts_captured_before_blocking_collector_cannot_exit_new_run (test_exit_incarnation.ExitIncarnationTests.test_internal_facts_captured_before_blocking_collector_cannot_exit_new_run) ... ok
test_internal_source_is_reused_for_1500_no_review_ticks (test_exit_incarnation.ExitIncarnationTests.test_internal_source_is_reused_for_1500_no_review_ticks) ... ok
test_old_external_callback_racing_replacement_cannot_fence_new_run (test_exit_incarnation.ExitIncarnationTests.test_old_external_callback_racing_replacement_cannot_fence_new_run) ... ok
test_old_pending_ui_is_retried_automatically_after_replacement (test_exit_incarnation.ExitIncarnationTests.test_old_pending_ui_is_retried_automatically_after_replacement) ... ok
test_old_pending_ui_retry_does_not_clear_new_pending_review (test_exit_incarnation.ExitIncarnationTests.test_old_pending_ui_retry_does_not_clear_new_pending_review) ... ok
test_delayed_first_bind_requires_original_activation_token (test_exit_incarnation_independent.IndependentExitIncarnationTests.test_delayed_first_bind_requires_original_activation_token) ... ok
test_failed_old_ui_retry_finishes_once_without_fencing_new_run (test_exit_incarnation_independent.IndependentExitIncarnationTests.test_failed_old_ui_retry_finishes_once_without_fencing_new_run) ... ok
test_forged_foreign_and_rebound_sources_never_fence_new_incarnation (test_exit_incarnation_independent.IndependentExitIncarnationTests.test_forged_foreign_and_rebound_sources_never_fence_new_incarnation) ... ok
test_initial_and_transition_incarnations_are_positive_and_monotonic (test_exit_incarnation_independent.IndependentExitIncarnationTests.test_initial_and_transition_incarnations_are_positive_and_monotonic) ... ok
test_old_successful_ui_callback_cannot_clear_new_due_review (test_exit_incarnation_independent.IndependentExitIncarnationTests.test_old_successful_ui_callback_cannot_clear_new_due_review) ... ok
test_old_workflow_binding_cannot_rebind_after_same_identity_replacement (test_exit_incarnation_independent.IndependentExitIncarnationTests.test_old_workflow_binding_cannot_rebind_after_same_identity_replacement) ... ok
test_exit_clears_current_tokens_but_retired_source_stays_rejected (test_token_retention_independent.IndependentRetentionTests.test_exit_clears_current_tokens_but_retired_source_stays_rejected) ... ok
test_stale_object_id_entry_cannot_authorize_a_new_source (test_token_retention_independent.IndependentRetentionTests.test_stale_object_id_entry_cannot_authorize_a_new_source) ... ok
test_twelve_thousand_active_no_review_ticks_reuse_one_internal_token (test_token_retention_independent.IndependentRetentionTests.test_twelve_thousand_active_no_review_ticks_reuse_one_internal_token) ... ok
test_weak_external_registry_tracks_live_bindings_during_source_churn (test_token_retention_independent.IndependentRetentionTests.test_weak_external_registry_tracks_live_bindings_during_source_churn) ... ok
test_boolean_in_flight_count_is_not_treated_as_zero (test_worker_review.WorkerReviewTests.test_boolean_in_flight_count_is_not_treated_as_zero) ... ok
test_bounded_hang_investigation_flows_to_tick_and_review_without_private_data (test_worker_review.WorkerReviewTests.test_bounded_hang_investigation_flows_to_tick_and_review_without_private_data) ... ok
test_busy_due_reviews_coalesce_to_only_the_latest (test_worker_review.WorkerReviewTests.test_busy_due_reviews_coalesce_to_only_the_latest) ... ok
test_cancel_or_invalid_authority_discards_pending_review_fail_closed (test_worker_review.WorkerReviewTests.test_cancel_or_invalid_authority_discards_pending_review_fail_closed) ... ok
test_collection_reports_confirmed_exit_without_waiting_for_review_tick (test_worker_review.WorkerReviewTests.test_collection_reports_confirmed_exit_without_waiting_for_review_tick) ... ok
test_confirmed_exit_fences_stale_running_identity_but_not_new_identity (test_worker_review.WorkerReviewTests.test_confirmed_exit_fences_stale_running_identity_but_not_new_identity) ... ok
test_confirmed_lifecycle_investigation_surfaces_exit_and_fences_review (test_worker_review.WorkerReviewTests.test_confirmed_lifecycle_investigation_surfaces_exit_and_fences_review) ... ok
test_exact_sixty_second_boundary_and_sanitized_request (test_worker_review.WorkerReviewTests.test_exact_sixty_second_boundary_and_sanitized_request) ... ok
test_exit_callback_exception_can_retry_but_success_is_once_only (test_worker_review.WorkerReviewTests.test_exit_callback_exception_can_retry_but_success_is_once_only) ... ok
test_exit_callback_is_reentrant_and_concurrent_once_only (test_worker_review.WorkerReviewTests.test_exit_callback_is_reentrant_and_concurrent_once_only) ... ok
test_fact_callback_run_replacement_is_rechecked_before_dispatch (test_worker_review.WorkerReviewTests.test_fact_callback_run_replacement_is_rechecked_before_dispatch) ... ok
test_final_active_run_callback_mutation_is_followed_by_authority_read (test_worker_review.WorkerReviewTests.test_final_active_run_callback_mutation_is_followed_by_authority_read) ... ok
test_final_guard_rechecks_active_run_after_readiness_callback (test_worker_review.WorkerReviewTests.test_final_guard_rechecks_active_run_after_readiness_callback) ... ok
test_final_guard_rechecks_authority_after_priority_callback (test_worker_review.WorkerReviewTests.test_final_guard_rechecks_authority_after_priority_callback) ... ok
test_hang_investigation_timeout_is_bounded_and_remains_unknown (test_worker_review.WorkerReviewTests.test_hang_investigation_timeout_is_bounded_and_remains_unknown) ... ok
test_late_old_session_exit_cannot_bind_to_new_same_run_id (test_worker_review.WorkerReviewTests.test_late_old_session_exit_cannot_bind_to_new_same_run_id) ... ok
test_one_hundred_twenty_first_periodic_review_runs_without_cap (test_worker_review.WorkerReviewTests.test_one_hundred_twenty_first_periodic_review_runs_without_cap) ... ok
test_only_confirmed_exit_is_surfaced_immediately_even_during_pause (test_worker_review.WorkerReviewTests.test_only_confirmed_exit_is_surfaced_immediately_even_during_pause) ... ok
test_pause_keeps_collecting_but_never_starts_model_review_until_resumed (test_worker_review.WorkerReviewTests.test_pause_keeps_collecting_but_never_starts_model_review_until_resumed) ... ok
test_pending_exit_retries_after_active_run_disappears (test_worker_review.WorkerReviewTests.test_pending_exit_retries_after_active_run_disappears) ... ok
test_scheduler_usage_path_preserves_provenance_and_missing_is_unknown (test_worker_review.WorkerReviewTests.test_scheduler_usage_path_preserves_provenance_and_missing_is_unknown) ... ok
test_silence_or_elapsed_time_alone_never_classifies_hang_or_exit (test_worker_review.WorkerReviewTests.test_silence_or_elapsed_time_alone_never_classifies_hang_or_exit) ... ok
test_usage_keeps_observed_estimated_and_unknown_distinct (test_worker_review.WorkerReviewTests.test_usage_keeps_observed_estimated_and_unknown_distinct) ... ok
test_user_composer_or_conversation_priority_delays_until_clear (test_worker_review.WorkerReviewTests.test_user_composer_or_conversation_priority_delays_until_clear) ... ok
test_wrong_session_generation_is_busy_not_a_safe_review_target (test_worker_review.WorkerReviewTests.test_wrong_session_generation_is_busy_not_a_safe_review_target) ... ok
test_all_callback_boundaries_recheck_authority_and_run_before_dispatch (test_worker_review_independent.IndependentReviewTests.test_all_callback_boundaries_recheck_authority_and_run_before_dispatch) ... ok
test_busy_ambiguity_user_priority_and_unknown_delivery_do_not_replay (test_worker_review_independent.IndependentReviewTests.test_busy_ambiguity_user_priority_and_unknown_delivery_do_not_replay) ... ok
test_clock_edges_large_jump_identity_and_121st_review (test_worker_review_independent.IndependentReviewTests.test_clock_edges_large_jump_identity_and_121st_review) ... ok
test_concurrent_and_reentrant_exit_duplicates_do_not_consume_retry (test_worker_review_independent.IndependentReviewTests.test_concurrent_and_reentrant_exit_duplicates_do_not_consume_retry) ... ok
test_confirmed_exit_fences_stale_facts_but_not_a_new_run_identity (test_worker_review_independent.IndependentReviewTests.test_confirmed_exit_fences_stale_facts_but_not_a_new_run_identity) ... ok
test_failed_exit_surface_retries_once_with_or_without_active_run (test_worker_review_independent.IndependentReviewTests.test_failed_exit_surface_retries_once_with_or_without_active_run) ... ok
test_hang_requires_process_and_lifecycle_evidence_and_usage_never_conflates (test_worker_review_independent.IndependentReviewTests.test_hang_requires_process_and_lifecycle_evidence_and_usage_never_conflates) ... ok
test_investigation_timeout_single_flight_and_exception_stay_unknown (test_worker_review_independent.IndependentReviewTests.test_investigation_timeout_single_flight_and_exception_stay_unknown) ... ok
test_last_active_run_callback_cannot_invalidate_authority_then_dispatch (test_worker_review_independent.IndependentReviewTests.test_last_active_run_callback_cannot_invalidate_authority_then_dispatch) ... ok
test_late_exit_requires_exact_full_identity_and_never_fences_new_session (test_worker_review_independent.IndependentReviewTests.test_late_exit_requires_exact_full_identity_and_never_fences_new_session) ... ok
test_pause_authority_revocation_and_exit_keep_observation_without_model_work (test_worker_review_independent.IndependentReviewTests.test_pause_authority_revocation_and_exit_keep_observation_without_model_work) ... ok
test_scheduler_integrates_bounded_hang_evidence_and_strips_private_fields (test_worker_review_independent.IndependentReviewTests.test_scheduler_integrates_bounded_hang_evidence_and_strips_private_fields) ... ok
test_scheduler_usage_provenance_survives_dispatch_and_resets_for_new_identity (test_worker_review_independent.IndependentReviewTests.test_scheduler_usage_provenance_survives_dispatch_and_resets_for_new_identity) ... ok
test_1200_external_source_churn_retains_only_live_weak_registrations (test_workflow_binding.WorkflowBindingTests.test_1200_external_source_churn_retains_only_live_weak_registrations) ... ok
test_active_external_source_is_released_on_retirement (test_workflow_binding.WorkflowBindingTests.test_active_external_source_is_released_on_retirement) ... ok
test_attach_rejects_a_task_message_id_that_resolves_to_another_row (test_workflow_binding.WorkflowBindingTests.test_attach_rejects_a_task_message_id_that_resolves_to_another_row) ... ok
test_attach_rejects_wrong_row_content_role_kind_generation_and_revision (test_workflow_binding.WorkflowBindingTests.test_attach_rejects_wrong_row_content_role_kind_generation_and_revision) ... ok
test_binding_cannot_notify_a_scheduler_owned_by_another_workflow_run (test_workflow_binding.WorkflowBindingTests.test_binding_cannot_notify_a_scheduler_owned_by_another_workflow_run) ... ok
test_delayed_first_bind_cannot_use_old_or_foreign_token_after_replacement (test_workflow_binding.WorkflowBindingTests.test_delayed_first_bind_cannot_use_old_or_foreign_token_after_replacement) ... ok
test_old_workflow_run_cannot_rebind_to_same_identity_new_incarnation (test_workflow_binding.WorkflowBindingTests.test_old_workflow_run_cannot_rebind_to_same_identity_new_incarnation) ... ok
test_persisted_task_freezes_old_session_after_peer_replacement (test_workflow_binding.WorkflowBindingTests.test_persisted_task_freezes_old_session_after_peer_replacement) ... ok
test_source_activation_rejects_foreign_and_retired_workflow_run (test_workflow_binding.WorkflowBindingTests.test_source_activation_rejects_foreign_and_retired_workflow_run) ... ok
test_unconfirmed_or_incomplete_or_different_run_never_notifies (test_workflow_binding.WorkflowBindingTests.test_unconfirmed_or_incomplete_or_different_run_never_notifies) ... ok

----------------------------------------------------------------------
Ran 91 tests in 1.070s

OK
