test_arbitrary_inherited_herdr_selector_is_removed_before_version_preflight (test_closure_independent.OuterBoundaryRegressionTests.test_arbitrary_inherited_herdr_selector_is_removed_before_version_preflight) ... ok
test_invalid_missing_or_extra_child_pid_cannot_prove_three_live_panes (test_closure_independent.OuterBoundaryRegressionTests.test_invalid_missing_or_extra_child_pid_cannot_prove_three_live_panes) ... ok
test_self_consistent_children_do_not_hide_wrong_plain_outer_geometry (test_closure_independent.OuterBoundaryRegressionTests.test_self_consistent_children_do_not_hide_wrong_plain_outer_geometry) ... ok
test_byte_fragmented_private_cpr_origin_and_resize_do_not_invent_996_reply (test_closure_independent.PrivateQueryRegressionTests.test_byte_fragmented_private_cpr_origin_and_resize_do_not_invent_996_reply) ... ok
test_private_dsr_keeps_public_reply_fifo_under_partial_writes (test_closure_independent.PrivateQueryRegressionTests.test_private_dsr_keeps_public_reply_fifo_under_partial_writes) ... ok
test_rgb_overlay_preserves_wide_text_styles_and_cursor_on_redraw (test_closure_independent.RgbDrawRegressionTests.test_rgb_overlay_preserves_wide_text_styles_and_cursor_on_redraw) ... ok
test_exact_color_and_emphasis_mapping (test_closure_predicates.ColorEvidenceTests.test_exact_color_and_emphasis_mapping) ... ok
test_private_cpr_and_unknown_private_dsr_are_not_public_claims (test_closure_predicates.ColorEvidenceTests.test_private_cpr_and_unknown_private_dsr_are_not_public_claims) ... ok
test_rgb_style_keeps_foreground_background_and_emphasis (test_closure_predicates.ColorEvidenceTests.test_rgb_style_keeps_foreground_background_and_emphasis) ... ok
test_static_parser_only_unmatched_and_dirty_results_cannot_pass (test_closure_predicates.ColorEvidenceTests.test_static_parser_only_unmatched_and_dirty_results_cannot_pass) ... ok
test_freshness_cross_route_geometry_restore_and_cleanup_required (test_closure_predicates.OuterEvidenceTests.test_freshness_cross_route_geometry_restore_and_cleanup_required) ... ok
test_herdr_outer_geometry_and_initial_restored_geometry_required (test_closure_predicates.OuterEvidenceTests.test_herdr_outer_geometry_and_initial_restored_geometry_required) ... ok
test_exited_child_is_removed_from_ui_selector_after_empty_read (test_g1_candidate.PaneLifecycleTests.test_exited_child_is_removed_from_ui_selector_after_empty_read) ... ok
test_f10_exits_while_focused_child_input_queue_is_saturated (test_g1_candidate.PaneLifecycleTests.test_f10_exits_while_focused_child_input_queue_is_saturated) ... ok
test_large_valid_paste_is_delivered_once_after_prior_input_and_query_reply (test_g1_candidate.PaneLifecycleTests.test_large_valid_paste_is_delivered_once_after_prior_input_and_query_reply) ... ok
test_pty_query_replies_retry_zero_and_partial_writes_in_original_order (test_g1_candidate.PaneLifecycleTests.test_pty_query_replies_retry_zero_and_partial_writes_in_original_order) ... ok
test_rejected_paste_is_atomic_and_explained_when_oversize_or_queue_has_no_room (test_g1_candidate.PaneLifecycleTests.test_rejected_paste_is_atomic_and_explained_when_oversize_or_queue_has_no_room) ... ok
test_bracketed_paste_keeps_literal_ui_key_bytes (test_g1_candidate.PtyAndInputTests.test_bracketed_paste_keeps_literal_ui_key_bytes) ... ok
test_close_reaps_running_child (test_g1_candidate.PtyAndInputTests.test_close_reaps_running_child) ... ok
test_focus_key_is_consumed_and_bracketed_paste_is_forwarded (test_g1_candidate.PtyAndInputTests.test_focus_key_is_consumed_and_bracketed_paste_is_forwarded) ... ok
test_incomplete_function_key_is_forwarded_after_timeout (test_g1_candidate.PtyAndInputTests.test_incomplete_function_key_is_forwarded_after_timeout) ... ok
test_large_input_to_nonreading_child_does_not_block_ui (test_g1_candidate.PtyAndInputTests.test_large_input_to_nonreading_child_does_not_block_ui) ... ok
test_large_paste_drains_losslessly_after_child_resumes_reading (test_g1_candidate.PtyAndInputTests.test_large_paste_drains_losslessly_after_child_resumes_reading) ... ok
test_real_pty_query_reply_uses_child_input_not_display_text (test_g1_candidate.PtyAndInputTests.test_real_pty_query_reply_uses_child_input_not_display_text) ... ok
test_real_pty_resize_and_output (test_g1_candidate.PtyAndInputTests.test_real_pty_resize_and_output) ... ok
test_repeated_input_to_blocked_child_reports_backpressure_at_small_cap (test_g1_candidate.PtyAndInputTests.test_repeated_input_to_blocked_child_reports_backpressure_at_small_cap) ... ok
test_split_paste_end_after_timeout_restores_ui_key_handling (test_g1_candidate.PtyAndInputTests.test_split_paste_end_after_timeout_restores_ui_key_handling) ... ok
test_split_paste_start_after_timeout_never_turns_content_into_ui_keys (test_g1_candidate.PtyAndInputTests.test_split_paste_start_after_timeout_never_turns_content_into_ui_keys) ... ok
test_device_status_cursor_and_device_attribute_replies (test_g1_candidate.TerminalScreenTests.test_device_status_cursor_and_device_attribute_replies) ... ok
test_resize_in_alternate_screen_restores_primary_at_new_size (test_g1_candidate.TerminalScreenTests.test_resize_in_alternate_screen_restores_primary_at_new_size) ... ok
test_scrollback_can_page_and_restore (test_g1_candidate.TerminalScreenTests.test_scrollback_can_page_and_restore) ... ok
test_unicode_truecolor_alt_screen_and_restore (test_g1_candidate.TerminalScreenTests.test_unicode_truecolor_alt_screen_and_restore) ... ok
test_wide_korean_glyph_uses_two_cells_without_losing_next_character (test_g1_candidate.TerminalScreenTests.test_wide_korean_glyph_uses_two_cells_without_losing_next_character) ... ok
test_old_screen_content_with_no_post_resize_bytes_is_not_redraw (test_live_resize_evidence.ResizeEvidenceTests.test_old_screen_content_with_no_post_resize_bytes_is_not_redraw) ... ok
test_provider_must_receive_original_draft_and_suffix_in_one_user_message (test_live_resize_evidence.ResizeEvidenceTests.test_provider_must_receive_original_draft_and_suffix_in_one_user_message) ... ok
test_three_pane_requires_three_stable_distinct_pids (test_live_resize_evidence.ResizeEvidenceTests.test_three_pane_requires_three_stable_distinct_pids) ... ok
test_approval_preview_is_not_tool_output (test_live_runtime_probe.LiveRuntimePredicateTests.test_approval_preview_is_not_tool_output) ... ok
test_approval_requires_artifact_absent_at_send_time (test_live_runtime_probe.LiveRuntimePredicateTests.test_approval_requires_artifact_absent_at_send_time) ... ok
test_approval_surface_observation_excludes_composer (test_live_runtime_probe.LiveRuntimePredicateTests.test_approval_surface_observation_excludes_composer) ... ok
test_cli_success_only_describes_approval_tool_roundtrip (test_live_runtime_probe.LiveRuntimePredicateTests.test_cli_success_only_describes_approval_tool_roundtrip) ... ok
test_no_resize_stop_continue_control_invalidates_redraw_claim (test_live_runtime_probe.LiveRuntimePredicateTests.test_no_resize_stop_continue_control_invalidates_redraw_claim) ... ok
test_pre_resize_drain_feeds_stale_output_before_resize (test_live_runtime_probe.LiveRuntimePredicateTests.test_pre_resize_drain_feeds_stale_output_before_resize) ... ok
test_stale_pre_resize_output_cannot_count_as_child_redraw (test_live_runtime_probe.LiveRuntimePredicateTests.test_stale_pre_resize_output_cannot_count_as_child_redraw) ... ok
test_zero_input_queue_only_counts_with_noncanonical_tty (test_live_runtime_probe.LiveRuntimePredicateTests.test_zero_input_queue_only_counts_with_noncanonical_tty) ... ok
test_complete_boundary_observation_is_accepted (test_outer_tmux_predicates.OuterTmuxPredicateTests.test_complete_boundary_observation_is_accepted) ... ok
test_cross_pane_marker_rejects_success (test_outer_tmux_predicates.OuterTmuxPredicateTests.test_cross_pane_marker_rejects_success) ... ok
test_incomplete_paste_rejects_success (test_outer_tmux_predicates.OuterTmuxPredicateTests.test_incomplete_paste_rejects_success) ... ok
test_local_restore_requires_real_alternate_lifecycle_and_eof (test_outer_tmux_predicates.OuterTmuxPredicateTests.test_local_restore_requires_real_alternate_lifecycle_and_eof) ... ok
test_stale_pane_text_cannot_prove_fresh_routing_or_paste (test_outer_tmux_predicates.OuterTmuxPredicateTests.test_stale_pane_text_cannot_prove_fresh_routing_or_paste) ... ok
test_wrong_child_geometry_and_changed_pids_reject_success (test_outer_tmux_predicates.OuterTmuxPredicateTests.test_wrong_child_geometry_and_changed_pids_reject_success) ... ok
test_queued_exit_bytes_are_fed_before_eof_is_reported (test_outer_tmux_predicates.PostExitDrainTests.test_queued_exit_bytes_are_fed_before_eof_is_reported) ... ok
test_composer_text_mentioning_approval_does_not_prove_native_approval (test_resize_probe_predicates.NormalResizeEvidenceTests.test_composer_text_mentioning_approval_does_not_prove_native_approval) ... ok
test_failed_setup_cannot_serve_as_a_negative_resize_control (test_resize_probe_predicates.NormalResizeEvidenceTests.test_failed_setup_cannot_serve_as_a_negative_resize_control) ... ok
test_fresh_unrelated_status_text_is_not_native_approval_redraw (test_resize_probe_predicates.NormalResizeEvidenceTests.test_fresh_unrelated_status_text_is_not_native_approval_redraw) ... ok
test_transcript_marker_does_not_prove_current_composer_draft (test_resize_probe_predicates.NormalResizeEvidenceTests.test_transcript_marker_does_not_prove_current_composer_draft) ... ok
test_clean_geometry_and_routing_fixture_is_accepted (test_resize_probe_predicates.ThreePaneEvidenceTests.test_clean_geometry_and_routing_fixture_is_accepted) ... ok
test_initial_cross_routing_cannot_be_erased_by_later_clean_frames (test_resize_probe_predicates.ThreePaneEvidenceTests.test_initial_cross_routing_cannot_be_erased_by_later_clean_frames) ... ok
test_live_success_requires_every_reported_child_to_be_cleaned (test_resize_probe_predicates.ThreePaneEvidenceTests.test_live_success_requires_every_reported_child_to_be_cleaned) ... ok
test_wrong_initial_outer_or_child_geometry_is_rejected (test_resize_probe_predicates.ThreePaneEvidenceTests.test_wrong_initial_outer_or_child_geometry_is_rejected) ... ok
test_fitting_wide_continuation_and_combining_cell_are_preserved (test_wide_boundary.WideBoundaryTests.test_fitting_wide_continuation_and_combining_cell_are_preserved) ... ok
test_resize_clipped_wide_lead_never_overwrites_border (test_wide_boundary.WideBoundaryTests.test_resize_clipped_wide_lead_never_overwrites_border) ... ok

----------------------------------------------------------------------
Ran 61 tests in 1.440s

OK
