{
  "results": [
    {
      "shell": "bash",
      "case": "before_send",
      "request_state": "not_sent",
      "manual_prompt_confirmed": true,
      "run_writes": 0,
      "takeover_writes": 1,
      "marker_absent": true,
      "owned_pids": [
        560395
      ]
    },
    {
      "shell": "bash",
      "case": "after_send",
      "request_state": "unknown",
      "manual_prompt_confirmed": true,
      "run_writes": 1,
      "takeover_writes": 1,
      "marker_absent": true,
      "owned_pids": [
        560398,
        560401,
        560402
      ]
    },
    {
      "shell": "bash",
      "case": "after_accept",
      "request_state": "unknown",
      "manual_prompt_confirmed": true,
      "run_writes": 1,
      "takeover_writes": 1,
      "marker_absent": true,
      "owned_pids": [
        560404,
        560407,
        560408
      ]
    },
    {
      "shell": "bash",
      "case": "after_start",
      "request_state": "unknown",
      "manual_prompt_confirmed": true,
      "run_writes": 1,
      "takeover_writes": 1,
      "marker_absent": true,
      "owned_pids": [
        560410,
        560413,
        560414
      ]
    },
    {
      "shell": "bash",
      "case": "foreground",
      "request_state": "unknown",
      "manual_prompt_confirmed": true,
      "run_writes": 1,
      "takeover_writes": 1,
      "marker_absent": true,
      "owned_pids": [
        560416,
        560419,
        560420
      ]
    },
    {
      "shell": "bash",
      "case": "exit_race",
      "request_state": "unknown",
      "manual_prompt_confirmed": false,
      "run_writes": 1,
      "takeover_writes": 0,
      "marker_absent": true,
      "owned_pids": [
        560425,
        560428,
        560431
      ]
    },
    {
      "shell": "bash",
      "case": "partial_race",
      "request_state": "unknown",
      "manual_prompt_confirmed": true,
      "run_writes": 1,
      "takeover_writes": 1,
      "marker_absent": true,
      "owned_pids": [
        560432,
        560435,
        560436
      ]
    },
    {
      "shell": "bash",
      "case": "eagain_race",
      "request_state": "unknown",
      "manual_prompt_confirmed": true,
      "run_writes": 1,
      "takeover_writes": 1,
      "marker_absent": true,
      "owned_pids": [
        560438,
        560441,
        560442
      ]
    },
    {
      "shell": "bash",
      "case": "zero_race",
      "request_state": "unknown",
      "manual_prompt_confirmed": true,
      "run_writes": 1,
      "takeover_writes": 1,
      "marker_absent": true,
      "owned_pids": [
        560444,
        560447,
        560452
      ]
    },
    {
      "shell": "bash",
      "case": "ack_lost",
      "request_state": "unknown",
      "manual_prompt_confirmed": false,
      "run_writes": 1,
      "takeover_writes": 1,
      "marker_absent": true,
      "owned_pids": [
        560454,
        560457,
        560458
      ]
    },
    {
      "shell": "bash",
      "case": "ack_delayed",
      "request_state": "unknown",
      "manual_prompt_confirmed": true,
      "run_writes": 1,
      "takeover_writes": 1,
      "marker_absent": true,
      "owned_pids": [
        560460,
        560463,
        560464
      ]
    },
    {
      "shell": "dash",
      "case": "before_send",
      "request_state": "not_sent",
      "manual_prompt_confirmed": true,
      "run_writes": 0,
      "takeover_writes": 1,
      "marker_absent": true,
      "owned_pids": [
        560466
      ]
    },
    {
      "shell": "dash",
      "case": "after_send",
      "request_state": "unknown",
      "manual_prompt_confirmed": true,
      "run_writes": 1,
      "takeover_writes": 1,
      "marker_absent": true,
      "owned_pids": [
        560473,
        560478,
        560479
      ]
    },
    {
      "shell": "dash",
      "case": "after_accept",
      "request_state": "unknown",
      "manual_prompt_confirmed": true,
      "run_writes": 1,
      "takeover_writes": 1,
      "marker_absent": true,
      "owned_pids": [
        560486,
        560491,
        560493
      ]
    },
    {
      "shell": "dash",
      "case": "after_start",
      "request_state": "unknown",
      "manual_prompt_confirmed": true,
      "run_writes": 1,
      "takeover_writes": 1,
      "marker_absent": true,
      "owned_pids": [
        560497,
        560502,
        560503
      ]
    },
    {
      "shell": "dash",
      "case": "foreground",
      "request_state": "unknown",
      "manual_prompt_confirmed": true,
      "run_writes": 1,
      "takeover_writes": 1,
      "marker_absent": true,
      "owned_pids": [
        560507,
        560512,
        560513
      ]
    },
    {
      "shell": "dash",
      "case": "exit_race",
      "request_state": "unknown",
      "manual_prompt_confirmed": false,
      "run_writes": 1,
      "takeover_writes": 0,
      "marker_absent": true,
      "owned_pids": [
        560517,
        560522,
        560523
      ]
    },
    {
      "shell": "dash",
      "case": "partial_race",
      "request_state": "unknown",
      "manual_prompt_confirmed": true,
      "run_writes": 1,
      "takeover_writes": 1,
      "marker_absent": true,
      "owned_pids": [
        560525,
        560530,
        560669
      ]
    },
    {
      "shell": "dash",
      "case": "eagain_race",
      "request_state": "unknown",
      "manual_prompt_confirmed": true,
      "run_writes": 1,
      "takeover_writes": 1,
      "marker_absent": true,
      "owned_pids": [
        561052,
        561073,
        561450
      ]
    },
    {
      "shell": "dash",
      "case": "zero_race",
      "request_state": "unknown",
      "manual_prompt_confirmed": true,
      "run_writes": 1,
      "takeover_writes": 1,
      "marker_absent": true,
      "owned_pids": [
        561934,
        561955,
        562332
      ]
    },
    {
      "shell": "dash",
      "case": "ack_lost",
      "request_state": "unknown",
      "manual_prompt_confirmed": false,
      "run_writes": 1,
      "takeover_writes": 1,
      "marker_absent": true,
      "owned_pids": [
        562386,
        562391,
        562396
      ]
    },
    {
      "shell": "dash",
      "case": "ack_delayed",
      "request_state": "unknown",
      "manual_prompt_confirmed": true,
      "run_writes": 1,
      "takeover_writes": 1,
      "marker_absent": true,
      "owned_pids": [
        562399,
        562404,
        562405
      ]
    }
  ],
  "unknown": [
    "production adapter integration",
    "manual daemons before supervision"
  ]
}
