test_ambiguous_report_delivery_is_not_replayed (test_run.WorkflowRuntimeTests.test_ambiguous_report_delivery_is_not_replayed) ... ok
test_authority_and_direct_request_classification (test_run.WorkflowRuntimeTests.test_authority_and_direct_request_classification) ... ok
test_cancel_and_revoke_after_collection_block_worker_analysis (test_run.WorkflowRuntimeTests.test_cancel_and_revoke_after_collection_block_worker_analysis) ... ok
test_cancel_revoke_and_pause_at_worker_and_analysis_barriers (test_run.WorkflowRuntimeTests.test_cancel_revoke_and_pause_at_worker_and_analysis_barriers) ... ok
test_code_modification_report_ends_instruction_without_auto_return (test_run.WorkflowRuntimeTests.test_code_modification_report_ends_instruction_without_auto_return) ... ok
test_direct_request_durable_routes_and_secret_values_not_recorded (test_run.WorkflowRuntimeTests.test_direct_request_durable_routes_and_secret_values_not_recorded) ... ok
test_explicit_commit_and_target_guards_do_not_mutate_source (test_run.WorkflowRuntimeTests.test_explicit_commit_and_target_guards_do_not_mutate_source) ... ok
test_four_exit_and_evidence_outcomes_on_real_host_shell (test_run.WorkflowRuntimeTests.test_four_exit_and_evidence_outcomes_on_real_host_shell) ... ok
test_pause_after_worktree_before_shell_dispatch_holds_without_sent_event (test_run.WorkflowRuntimeTests.test_pause_after_worktree_before_shell_dispatch_holds_without_sent_event) ... ok
test_pause_collects_exit_without_new_report_then_resumes (test_run.WorkflowRuntimeTests.test_pause_collects_exit_without_new_report_then_resumes) ... ok
test_preparation_failure_preserves_source_and_existing_target (test_run.WorkflowRuntimeTests.test_preparation_failure_preserves_source_and_existing_target) ... ok
test_public_worker_port_identity_and_current_authority_fail_closed (test_run.WorkflowRuntimeTests.test_public_worker_port_identity_and_current_authority_fail_closed) ... ok
test_strict_preparation_failure_requires_worker_analysis_before_report (test_run.WorkflowRuntimeTests.test_strict_preparation_failure_requires_worker_analysis_before_report) ... ok
test_worker_analysis_cannot_promote_missing_evidence_or_wrong_identity (test_run.WorkflowRuntimeTests.test_worker_analysis_cannot_promote_missing_evidence_or_wrong_identity) ... ok
test_analysis_response_identity_and_judgment_guard_block_report (test_run_independent.WorkflowIndependentTests.test_analysis_response_identity_and_judgment_guard_block_report) ... ok
test_authority_changes_during_worktree_preparation_hold_new_dispatch (test_run_independent.WorkflowIndependentTests.test_authority_changes_during_worktree_preparation_hold_new_dispatch) ... ok
test_direct_worker_routing_is_durable_but_never_self_authorizes (test_run_independent.WorkflowIndependentTests.test_direct_worker_routing_is_durable_but_never_self_authorizes) ... ok
test_exit_zero_without_result_provenance_is_indeterminate_not_success (test_run_independent.WorkflowIndependentTests.test_exit_zero_without_result_provenance_is_indeterminate_not_success) ... ok
test_explicit_commit_and_canonical_target_preserve_dirty_user_work (test_run_independent.WorkflowIndependentTests.test_explicit_commit_and_canonical_target_preserve_dirty_user_work) ... ok
test_missing_and_changed_result_file_cannot_be_promoted_to_success (test_run_independent.WorkflowIndependentTests.test_missing_and_changed_result_file_cannot_be_promoted_to_success) ... ok
test_missing_raw_log_after_confirmed_exit_is_indeterminate (test_run_independent.WorkflowIndependentTests.test_missing_raw_log_after_confirmed_exit_is_indeterminate) ... ok
test_pause_collects_terminal_facts_but_blocks_report_and_code_change_does_not_replay (test_run_independent.WorkflowIndependentTests.test_pause_collects_terminal_facts_but_blocks_report_and_code_change_does_not_replay) ... ok
test_pause_immediately_before_shell_submit_and_after_analysis_blocks_new_actions (test_run_independent.WorkflowIndependentTests.test_pause_immediately_before_shell_submit_and_after_analysis_blocks_new_actions) ... ok
test_preparation_failure_reports_to_manager_without_source_fallback (test_run_independent.WorkflowIndependentTests.test_preparation_failure_reports_to_manager_without_source_fallback) ... ok
test_public_worker_response_identity_matrix_blocks_shell_dispatch (test_run_independent.WorkflowIndependentTests.test_public_worker_response_identity_matrix_blocks_shell_dispatch) ... ok
test_report_delivery_unknown_is_durable_and_cannot_auto_replay (test_run_independent.WorkflowIndependentTests.test_report_delivery_unknown_is_durable_and_cannot_auto_replay) ... ok
test_scope_authority_and_direct_request_classification_cannot_start_run (test_run_independent.WorkflowIndependentTests.test_scope_authority_and_direct_request_classification_cannot_start_run) ... ok
test_shell_lifecycle_unknown_does_not_start_worker_judgment_or_report (test_run_independent.WorkflowIndependentTests.test_shell_lifecycle_unknown_does_not_start_worker_judgment_or_report) ... ok
test_stale_worker_response_cannot_authorize_a_different_run (test_run_independent.WorkflowIndependentTests.test_stale_worker_response_cannot_authorize_a_different_run) ... ok
test_task_delivery_unknown_is_durable_and_never_starts_host_or_replays (test_run_independent.WorkflowIndependentTests.test_task_delivery_unknown_is_durable_and_never_starts_host_or_replays) ... ok
test_transient_secret_reaches_shell_but_never_durable_evidence (test_run_independent.WorkflowIndependentTests.test_transient_secret_reaches_shell_but_never_durable_evidence) ... ok
test_truncated_and_changed_raw_log_cannot_be_promoted_to_success (test_run_independent.WorkflowIndependentTests.test_truncated_and_changed_raw_log_cannot_be_promoted_to_success) ... ok
test_unreadable_raw_log_after_collection_is_reported_without_replay (test_run_independent.WorkflowIndependentTests.test_unreadable_raw_log_after_collection_is_reported_without_replay) ... ok

----------------------------------------------------------------------
Ran 33 tests in 8.737s

OK
