test_active_run_is_not_replaced_by_spec_or_settings_change (test_repository.TaskRepositoryTests.test_active_run_is_not_replaced_by_spec_or_settings_change) ... ok
test_both_scope_approval_and_fresh_proceed_are_required (test_repository.TaskRepositoryTests.test_both_scope_approval_and_fresh_proceed_are_required) ... ok
test_cancel_and_revoke_are_append_only_and_invalidate_the_revision (test_repository.TaskRepositoryTests.test_cancel_and_revoke_are_append_only_and_invalidate_the_revision) ... ok
test_invalid_references_and_closed_repository_fail_explicitly (test_repository.TaskRepositoryTests.test_invalid_references_and_closed_repository_fail_explicitly) ... ok
test_invalidation_requires_its_own_task_revision_and_a_terminal_authority_decision (test_repository.TaskRepositoryTests.test_invalidation_requires_its_own_task_revision_and_a_terminal_authority_decision) ... ok
test_message_delivery_attempts_shell_and_takeover_are_linked_append_only (test_repository.TaskRepositoryTests.test_message_delivery_attempts_shell_and_takeover_are_linked_append_only) ... ok
test_new_run_uses_new_settings_and_failed_write_rolls_back_all_run_state (test_repository.TaskRepositoryTests.test_new_run_uses_new_settings_and_failed_write_rolls_back_all_run_state) ... ok
test_revision_and_lifecycle_history_rows_reject_mutation (test_repository.TaskRepositoryTests.test_revision_and_lifecycle_history_rows_reject_mutation) ... ok
test_schema_v1_migration_preserves_cancellation_invalidation_history (test_repository.TaskRepositoryTests.test_schema_v1_migration_preserves_cancellation_invalidation_history) ... ok
test_settings_revisions_and_run_decisions_are_durable (test_repository.TaskRepositoryTests.test_settings_revisions_and_run_decisions_are_durable) ... ok
test_task_identity_spec_revisions_and_run_snapshot_survive_reopen (test_repository.TaskRepositoryTests.test_task_identity_spec_revisions_and_run_snapshot_survive_reopen) ... ok
test_all_persisted_fact_tables_reject_update_and_delete_not_only_run_events (test_repository_independent.RepositoryInvariantTests.test_all_persisted_fact_tables_reject_update_and_delete_not_only_run_events) ... ok
test_cancel_and_revoke_transaction_failure_does_not_partially_remove_current_run (test_repository_independent.RepositoryInvariantTests.test_cancel_and_revoke_transaction_failure_does_not_partially_remove_current_run) ... ok
test_closed_reads_and_writes_never_return_success_or_create_new_history (test_repository_independent.RepositoryInvariantTests.test_closed_reads_and_writes_never_return_success_or_create_new_history) ... ok
test_cross_task_message_decision_and_delivery_attempt_reuse_never_overwrite (test_repository_independent.RepositoryInvariantTests.test_cross_task_message_decision_and_delivery_attempt_reuse_never_overwrite) ... ok
test_database_invalidation_cannot_reference_another_tasks_authority_decision (test_repository_independent.RepositoryInvariantTests.test_database_invalidation_cannot_reference_another_tasks_authority_decision) ... ok
test_insert_or_replace_cannot_overwrite_existing_task_spec_revision (test_repository_independent.RepositoryInvariantTests.test_insert_or_replace_cannot_overwrite_existing_task_spec_revision) ... ok
test_proceed_before_approval_wrong_revision_and_consumed_decision_stay_denied_after_reopen (test_repository_independent.RepositoryInvariantTests.test_proceed_before_approval_wrong_revision_and_consumed_decision_stay_denied_after_reopen) ... ok
test_settings_and_revision_change_preserve_active_run_and_prior_retry_history (test_repository_independent.RepositoryInvariantTests.test_settings_and_revision_change_preserve_active_run_and_prior_retry_history) ... ok
test_takeover_confirmation_and_shell_history_are_append_only_and_reopen_in_order (test_repository_independent.RepositoryInvariantTests.test_takeover_confirmation_and_shell_history_are_append_only_and_reopen_in_order) ... ok
test_transaction_denial_at_each_write_and_commit_preserves_unused_authorization (test_repository_independent.RepositoryInvariantTests.test_transaction_denial_at_each_write_and_commit_preserves_unused_authorization) ... ok
test_v1_migration_rejects_scope_approval_invalidation_atomically (test_repository_independent.RepositoryInvariantTests.test_v1_migration_rejects_scope_approval_invalidation_atomically) ... ok

----------------------------------------------------------------------
Ran 22 tests in 1.794s

OK
