test_g3_protocol (unittest.loader._FailedTest.test_g3_protocol) ... ERROR
test_api_return_is_not_processing_and_duplicate_must_not_replay (test_tui_contention_predicates.ContentionOutcomeTests.test_api_return_is_not_processing_and_duplicate_must_not_replay) ... ok
test_approval_file_created_before_native_release_cannot_pass (test_tui_contention_predicates.ContentionOutcomeTests.test_approval_file_created_before_native_release_cannot_pass) ... ok
test_denied_native_approval_blocks_success (test_tui_contention_predicates.ContentionOutcomeTests.test_denied_native_approval_blocks_success) ... ok
test_held_generation_change_blocks_success (test_tui_contention_predicates.ContentionOutcomeTests.test_held_generation_change_blocks_success) ... ok
test_missing_native_approval_release_blocks_success (test_tui_contention_predicates.ContentionOutcomeTests.test_missing_native_approval_release_blocks_success) ... ok
test_native_approval_and_busy_hold_then_safe_retry (test_tui_contention_predicates.ContentionOutcomeTests.test_native_approval_and_busy_hold_then_safe_retry) ... ok
test_native_approval_ui_can_hide_composer_while_editor_stays_untouched (test_tui_contention_predicates.ContentionOutcomeTests.test_native_approval_ui_can_hide_composer_while_editor_stays_untouched) ... ok
test_provider_activity_during_hold_blocks_success (test_tui_contention_predicates.ContentionOutcomeTests.test_provider_activity_during_hold_blocks_success) ... ok
test_public_editor_change_during_hold_blocks_success (test_tui_contention_predicates.ContentionOutcomeTests.test_public_editor_change_during_hold_blocks_success) ... ok
test_stale_retry_end_and_other_role_activity_block_success (test_tui_contention_predicates.ContentionOutcomeTests.test_stale_retry_end_and_other_role_activity_block_success) ... ok
test_transient_file_before_native_approval_cannot_pass (test_tui_contention_predicates.ContentionOutcomeTests.test_transient_file_before_native_approval_cannot_pass) ... ok
test_wrong_provider_identity_blocks_success (test_tui_contention_predicates.ContentionOutcomeTests.test_wrong_provider_identity_blocks_success) ... ok
test_provider_requires_current_message_kind_and_task_context (test_tui_contention_predicates.ProviderIdentityTests.test_provider_requires_current_message_kind_and_task_context) ... ok
test_current_error_after_ack_with_fresh_turn_end_is_observed_once (test_tui_draft_predicates.AsyncErrorOutcomeTests.test_current_error_after_ack_with_fresh_turn_end_is_observed_once) ... ok
test_current_success_marker_conflicts_with_error_outcome (test_tui_draft_predicates.AsyncErrorOutcomeTests.test_current_success_marker_conflicts_with_error_outcome) ... ok
test_each_current_provider_identifier_must_match (test_tui_draft_predicates.AsyncErrorOutcomeTests.test_each_current_provider_identifier_must_match) ... ok
test_error_must_follow_api_ack (test_tui_draft_predicates.AsyncErrorOutcomeTests.test_error_must_follow_api_ack) ... ok
test_error_response_must_have_been_sent (test_tui_draft_predicates.AsyncErrorOutcomeTests.test_error_response_must_have_been_sent) ... ok
test_failing_provider_checks_each_current_identifier (test_tui_draft_predicates.AsyncErrorOutcomeTests.test_failing_provider_checks_each_current_identifier) ... ok
test_http_error_alone_cannot_confirm_tui_error (test_tui_draft_predicates.AsyncErrorOutcomeTests.test_http_error_alone_cannot_confirm_tui_error) ... ok
test_old_generic_error_screen_cannot_confirm_current_error (test_tui_draft_predicates.AsyncErrorOutcomeTests.test_old_generic_error_screen_cannot_confirm_current_error) ... ok
test_prior_turn_end_cannot_confirm_current_error (test_tui_draft_predicates.AsyncErrorOutcomeTests.test_prior_turn_end_cannot_confirm_current_error) ... ok
test_provider_must_have_been_released_by_api_ack (test_tui_draft_predicates.AsyncErrorOutcomeTests.test_provider_must_have_been_released_by_api_ack) ... ok
test_screen_requires_this_runs_error_marker (test_tui_draft_predicates.AsyncErrorOutcomeTests.test_screen_requires_this_runs_error_marker) ... ok
test_api_empty_with_visual_draft_cannot_start_delivery (test_tui_draft_predicates.DeliveryOutcomeTests.test_api_empty_with_visual_draft_cannot_start_delivery) ... ok
test_unrelated_assistant_marker_cannot_confirm_current_message (test_tui_draft_predicates.DeliveryOutcomeTests.test_unrelated_assistant_marker_cannot_confirm_current_message) ... ok
test_old_transcript_draft_does_not_prove_current_composer (test_tui_draft_predicates.TuiSurfaceTests.test_old_transcript_draft_does_not_prove_current_composer) ... ok
test_setup_screen_with_prompt_glyph_is_not_a_ready_composer (test_tui_draft_predicates.TuiSurfaceTests.test_setup_screen_with_prompt_glyph_is_not_a_ready_composer) ... ok
test_visual_draft_remains_visible_after_api_reports_empty (test_tui_draft_predicates.TuiSurfaceTests.test_visual_draft_remains_visible_after_api_reports_empty) ... ok
test_non_diagnostic_omp_child_does_not_inherit_event_surface_opt_in (test_tui_event_surface_predicates.ChildEnvironmentTests.test_non_diagnostic_omp_child_does_not_inherit_event_surface_opt_in) ... ok
test_api_return_without_provider_processing_cannot_pass (test_tui_event_surface_predicates.DiagnosticDecisionTests.test_api_return_without_provider_processing_cannot_pass) ... ok
test_current_user_identity_can_be_seen_without_claiming_id_specific_outcome (test_tui_event_surface_predicates.DiagnosticDecisionTests.test_current_user_identity_can_be_seen_without_claiming_id_specific_outcome) ... ok
test_error_before_current_user_event_cannot_confirm_current_turn (test_tui_event_surface_predicates.DiagnosticDecisionTests.test_error_before_current_user_event_cannot_confirm_current_turn) ... ok
test_error_from_other_role_session_or_generation_cannot_pass (test_tui_event_surface_predicates.DiagnosticDecisionTests.test_error_from_other_role_session_or_generation_cannot_pass) ... ok
test_post_ack_error_must_be_observed_after_ack_for_current_turn (test_tui_event_surface_predicates.DiagnosticDecisionTests.test_post_ack_error_must_be_observed_after_ack_for_current_turn) ... ok
test_provider_identity_and_child_cleanup_are_required_for_pair (test_tui_event_surface_predicates.DiagnosticDecisionTests.test_provider_identity_and_child_cleanup_are_required_for_pair) ... ok
test_reported_identity_cannot_override_wrong_observed_user_context (test_tui_event_surface_predicates.DiagnosticDecisionTests.test_reported_identity_cannot_override_wrong_observed_user_context) ... ok
test_stale_error_from_previous_turn_cannot_confirm_current_user (test_tui_event_surface_predicates.DiagnosticDecisionTests.test_stale_error_from_previous_turn_cannot_confirm_current_user) ... ok
test_event_output_contains_no_raw_user_or_assistant_content (test_tui_event_surface_predicates.EventIdentityTests.test_event_output_contains_no_raw_user_or_assistant_content) ... ok
test_six_current_identity_fields_and_context_are_required (test_tui_event_surface_predicates.EventIdentityTests.test_six_current_identity_fields_and_context_are_required) ... ok
test_stale_event_wrong_attempt_and_no_user_event_cannot_establish_identity (test_tui_event_surface_predicates.EventIdentityTests.test_stale_event_wrong_attempt_and_no_user_event_cannot_establish_identity) ... ok
test_unrelated_assistant_error_is_a_session_event_with_unknown_id_outcome (test_tui_event_surface_predicates.EventIdentityTests.test_unrelated_assistant_error_is_a_session_event_with_unknown_id_outcome) ... ok
test_current_provider_request_is_observed_without_final_outcome_claim (test_tui_event_surface_predicates.ProviderRequestDecisionTests.test_current_provider_request_is_observed_without_final_outcome_claim) ... ok
test_generic_provider_event_or_prior_history_id_cannot_prove_current_input (test_tui_event_surface_predicates.ProviderRequestDecisionTests.test_generic_provider_event_or_prior_history_id_cannot_prove_current_input) ... ok
test_multiple_structured_blocks_or_wrong_field_names_cannot_pass (test_tui_event_surface_predicates.ProviderRequestDecisionTests.test_multiple_structured_blocks_or_wrong_field_names_cannot_pass) ... ok
test_non_user_final_message_and_bad_payload_cannot_pass (test_tui_event_surface_predicates.ProviderRequestDecisionTests.test_non_user_final_message_and_bad_payload_cannot_pass) ... ok
test_provider_event_summary_never_exposes_raw_payload_or_content (test_tui_event_surface_predicates.ProviderRequestDecisionTests.test_provider_event_summary_never_exposes_raw_payload_or_content) ... ok
test_provider_request_before_user_message_end_is_valid (test_tui_event_surface_predicates.ProviderRequestDecisionTests.test_provider_request_before_user_message_end_is_valid) ... ok
test_wrong_context_missing_or_duplicate_request_cannot_pass (test_tui_event_surface_predicates.ProviderRequestDecisionTests.test_wrong_context_missing_or_duplicate_request_cannot_pass) ... ok
test_live_outage_false_ack_control_is_rejected (test_tui_extension_fault_integration.ExtensionFaultIntegrationTests.test_live_outage_false_ack_control_is_rejected) ... /usr/lib/python3.12/pty.py:95: DeprecationWarning: This process (pid=3842595) is multi-threaded, use of forkpty() may lead to deadlocks in the child.
  pid, fd = os.forkpty()
ok
test_opt_in_fault_before_enqueue_survives_real_reconnect_without_replay (test_tui_extension_fault_integration.ExtensionFaultIntegrationTests.test_opt_in_fault_before_enqueue_survives_real_reconnect_without_replay) ... ok
test_outage_request_is_not_success_or_replayed_after_same_process_reconnect (test_tui_extension_fault_integration.ExtensionFaultIntegrationTests.test_outage_request_is_not_success_or_replayed_after_same_process_reconnect) ... ok
test_actual_outage_attempt_is_unavailable_not_replayed_then_fresh_only (test_tui_extension_fault_predicates.ExtensionFaultOutcomeTests.test_actual_outage_attempt_is_unavailable_not_replayed_then_fresh_only) ... ok
test_cleanup_residual_is_reported_separately_from_precleanup_label (test_tui_extension_fault_predicates.ExtensionFaultOutcomeTests.test_cleanup_residual_is_reported_separately_from_precleanup_label) ... ok
test_composer_input_and_clear_required_during_outage (test_tui_extension_fault_predicates.ExtensionFaultOutcomeTests.test_composer_input_and_clear_required_during_outage) ... ok
test_current_provider_identity_and_agent_end_required (test_tui_extension_fault_predicates.ExtensionFaultOutcomeTests.test_current_provider_identity_and_agent_end_required) ... ok
test_distinct_initial_process_and_session_binding_required (test_tui_extension_fault_predicates.ExtensionFaultOutcomeTests.test_distinct_initial_process_and_session_binding_required) ... ok
test_fresh_processing_must_be_single_current_worker_delivery (test_tui_extension_fault_predicates.ExtensionFaultOutcomeTests.test_fresh_processing_must_be_single_current_worker_delivery) ... ok
test_fresh_worker_after_malformed_needs_exactly_one_current_processing (test_tui_extension_fault_predicates.ExtensionFaultOutcomeTests.test_fresh_worker_after_malformed_needs_exactly_one_current_processing) ... ok
test_host_outage_and_fresh_worker_only_recovery (test_tui_extension_fault_predicates.ExtensionFaultOutcomeTests.test_host_outage_and_fresh_worker_only_recovery) ... ok
test_internal_exception_has_no_ack_or_processing_and_retry_stays_unknown (test_tui_extension_fault_predicates.ExtensionFaultOutcomeTests.test_internal_exception_has_no_ack_or_processing_and_retry_stays_unknown) ... ok
test_malformed_frame_cannot_ack_or_process (test_tui_extension_fault_predicates.ExtensionFaultOutcomeTests.test_malformed_frame_cannot_ack_or_process) ... ok
test_malformed_frame_must_leave_worker_composer_usable_and_clearable (test_tui_extension_fault_predicates.ExtensionFaultOutcomeTests.test_malformed_frame_must_leave_worker_composer_usable_and_clearable) ... ok
test_malformed_frame_must_preserve_current_role_bindings_and_public_state (test_tui_extension_fault_predicates.ExtensionFaultOutcomeTests.test_malformed_frame_must_preserve_current_role_bindings_and_public_state) ... ok
test_malformed_frame_roundtrip_keeps_both_bindings_and_fresh_worker_only (test_tui_extension_fault_predicates.ExtensionFaultOutcomeTests.test_malformed_frame_roundtrip_keeps_both_bindings_and_fresh_worker_only) ... ok
test_malformed_precleanup_label_does_not_hide_residual_child (test_tui_extension_fault_predicates.ExtensionFaultOutcomeTests.test_malformed_precleanup_label_does_not_hide_residual_child) ... ok
test_reconnect_does_not_replay_prior_delivery (test_tui_extension_fault_predicates.ExtensionFaultOutcomeTests.test_reconnect_does_not_replay_prior_delivery) ... ok
test_recovery_preserves_identity_with_new_socket_and_current_public_state (test_tui_extension_fault_predicates.ExtensionFaultOutcomeTests.test_recovery_preserves_identity_with_new_socket_and_current_public_state) ... ok
test_spontaneous_processing_during_outage_is_rejected (test_tui_extension_fault_predicates.ExtensionFaultOutcomeTests.test_spontaneous_processing_during_outage_is_rejected) ... ok
test_api_return_and_duplicate_provider_are_not_processing_proof (test_tui_message_kinds_predicates.FourKindOutcomeTests.test_api_return_and_duplicate_provider_are_not_processing_proof) ... ok
test_current_identity_and_reply_linkage_are_required (test_tui_message_kinds_predicates.FourKindOutcomeTests.test_current_identity_and_reply_linkage_are_required) ... ok
test_event_must_belong_to_current_target_session_and_generation (test_tui_message_kinds_predicates.FourKindOutcomeTests.test_event_must_belong_to_current_target_session_and_generation) ... ok
test_four_distinct_kinds_reach_their_own_role_and_reply_chain (test_tui_message_kinds_predicates.FourKindOutcomeTests.test_four_distinct_kinds_reach_their_own_role_and_reply_chain) ... ok
test_initial_and_after_delivery_readiness_need_current_public_state_and_composer (test_tui_message_kinds_predicates.FourKindOutcomeTests.test_initial_and_after_delivery_readiness_need_current_public_state_and_composer) ... ok
test_missing_kind_or_wrong_target_cannot_pass (test_tui_message_kinds_predicates.FourKindOutcomeTests.test_missing_kind_or_wrong_target_cannot_pass) ... ok
test_stale_or_other_role_end_does_not_complete_current_delivery (test_tui_message_kinds_predicates.FourKindOutcomeTests.test_stale_or_other_role_end_does_not_complete_current_delivery) ... ok
test_ack_alone_or_paused_activity_cannot_authorize_resume (test_tui_pause_reconcile_predicates.PauseOutcomeTests.test_ack_alone_or_paused_activity_cannot_authorize_resume) ... ok
test_fresh_delivery_requires_current_provider_and_separate_turn_completion (test_tui_pause_reconcile_predicates.PauseOutcomeTests.test_fresh_delivery_requires_current_provider_and_separate_turn_completion) ... ok
test_pause_ack_turn_stop_unknown_and_both_roles_held_before_explicit_resume (test_tui_pause_reconcile_predicates.PauseOutcomeTests.test_pause_ack_turn_stop_unknown_and_both_roles_held_before_explicit_resume) ... ok
test_stale_session_or_generation_end_does_not_complete_fresh_delivery (test_tui_pause_reconcile_predicates.PauseOutcomeTests.test_stale_session_or_generation_end_does_not_complete_fresh_delivery) ... ok
test_changed_files_symlink_process_task_and_approval_withhold_resume (test_tui_pause_reconcile_predicates.ReconciliationScopeTests.test_changed_files_symlink_process_task_and_approval_withhold_resume) ... ok
test_unknown_tool_or_changed_live_scope_withholds_resume (test_tui_pause_reconcile_predicates.ReconciliationScopeTests.test_unknown_tool_or_changed_live_scope_withholds_resume) ... ok
test_composer_and_public_state_must_recover (test_tui_reconnect_predicates.ReconnectOutcomeTests.test_composer_and_public_state_must_recover) ... ok
test_missing_or_visible_ack_cannot_prove_loss (test_tui_reconnect_predicates.ReconnectOutcomeTests.test_missing_or_visible_ack_cannot_prove_loss) ... ok
test_only_one_processing_after_discarded_ack_and_reconnect (test_tui_reconnect_predicates.ReconnectOutcomeTests.test_only_one_processing_after_discarded_ack_and_reconnect) ... ok
test_provider_identity_and_processing_count_reject_duplicate (test_tui_reconnect_predicates.ReconnectOutcomeTests.test_provider_identity_and_processing_count_reject_duplicate) ... ok
test_public_editor_empty_without_visual_clear_does_not_pass (test_tui_reconnect_predicates.ReconnectOutcomeTests.test_public_editor_empty_without_visual_clear_does_not_pass) ... ok
test_reconnect_must_preserve_identity_on_a_new_socket (test_tui_reconnect_predicates.ReconnectOutcomeTests.test_reconnect_must_preserve_identity_on_a_new_socket) ... ok
test_remaining_child_is_reported_after_cleanup (test_tui_reconnect_predicates.ReconnectOutcomeTests.test_remaining_child_is_reported_after_cleanup) ... ok
test_visible_draft_without_matching_public_editor_does_not_pass (test_tui_reconnect_predicates.ReconnectOutcomeTests.test_visible_draft_without_matching_public_editor_does_not_pass) ... ok
test_api_ack_alone_cannot_pass (test_tui_session_inflight_predicates.SessionInflightPredicateTests.test_api_ack_alone_cannot_pass) ... ok
test_cleanup_residual_is_reported_for_cli_gate (test_tui_session_inflight_predicates.SessionInflightPredicateTests.test_cleanup_residual_is_reported_for_cli_gate) ... ok
test_current_session_provider_and_end_can_pass (test_tui_session_inflight_predicates.SessionInflightPredicateTests.test_current_session_provider_and_end_can_pass) ... ok
test_hidden_new_composer_cannot_prove_ready_session (test_tui_session_inflight_predicates.SessionInflightPredicateTests.test_hidden_new_composer_cannot_prove_ready_session) ... ok
test_new_hello_must_replace_socket (test_tui_session_inflight_predicates.SessionInflightPredicateTests.test_new_hello_must_replace_socket) ... ok
test_new_session_must_be_ready (test_tui_session_inflight_predicates.SessionInflightPredicateTests.test_new_session_must_be_ready) ... ok
test_old_retry_accept_or_replay_cannot_pass (test_tui_session_inflight_predicates.SessionInflightPredicateTests.test_old_retry_accept_or_replay_cannot_pass) ... ok
test_provider_must_start_before_switch_and_switch_must_overlap_hold (test_tui_session_inflight_predicates.SessionInflightPredicateTests.test_provider_must_start_before_switch_and_switch_must_overlap_hold) ... ok
test_stale_or_missing_new_agent_end_cannot_pass (test_tui_session_inflight_predicates.SessionInflightPredicateTests.test_stale_or_missing_new_agent_end_cannot_pass) ... ok
test_stale_session_generation_or_pid_hello_is_ignored (test_tui_session_inflight_predicates.SessionInflightPredicateTests.test_stale_session_generation_or_pid_hello_is_ignored) ... ok
test_wrong_provider_context_or_duplicate_request_cannot_pass (test_tui_session_inflight_predicates.SessionInflightPredicateTests.test_wrong_provider_context_or_duplicate_request_cannot_pass) ... ok
test_old_deferred_envelope_must_not_leak_to_new_provider (test_tui_session_predicates.SessionSwitchOutcomeTests.test_old_deferred_envelope_must_not_leak_to_new_provider) ... ok
test_provider_request_for_wrong_message_id_cannot_pass (test_tui_session_predicates.SessionSwitchOutcomeTests.test_provider_request_for_wrong_message_id_cannot_pass) ... ok
test_real_transition_accepts_only_new_message_and_fresh_turn (test_tui_session_predicates.SessionSwitchOutcomeTests.test_real_transition_accepts_only_new_message_and_fresh_turn) ... ok
test_same_pid_with_stale_generation_cannot_pass (test_tui_session_predicates.SessionSwitchOutcomeTests.test_same_pid_with_stale_generation_cannot_pass) ... ok
test_same_pid_with_stale_session_cannot_pass (test_tui_session_predicates.SessionSwitchOutcomeTests.test_same_pid_with_stale_session_cannot_pass) ... ok
test_same_socket_cannot_pass_even_if_session_and_generation_change (test_tui_session_predicates.SessionSwitchOutcomeTests.test_same_socket_cannot_pass_even_if_session_and_generation_change) ... ok
test_stale_agent_end_cannot_complete_new_delivery (test_tui_session_predicates.SessionSwitchOutcomeTests.test_stale_agent_end_cannot_complete_new_delivery) ... ok
test_temporary_peer_absence_alone_cannot_prove_transition (test_tui_session_predicates.SessionSwitchOutcomeTests.test_temporary_peer_absence_alone_cannot_prove_transition) ... ok
test_temporary_peer_absence_does_not_create_or_erase_transition (test_tui_session_predicates.SessionSwitchOutcomeTests.test_temporary_peer_absence_does_not_create_or_erase_transition) ... ok

======================================================================
ERROR: test_g3_protocol (unittest.loader._FailedTest.test_g3_protocol)
----------------------------------------------------------------------
ImportError: Failed to import test module: test_g3_protocol
Traceback (most recent call last):
  File "/usr/lib/python3.12/unittest/loader.py", line 394, in _find_test_path
    module = self._get_module_from_name(name)
             ^^^^^^^^^^^^^^^^^^^^^^^^^^^^^^^^
  File "/usr/lib/python3.12/unittest/loader.py", line 337, in _get_module_from_name
    __import__(name)
  File "/home/dwchoo/ai-exp-assistant/tests/gates/g3_omp/test_g3_protocol.py", line 6, in <module>
    from workbench.contracts.v1 import ActorRole, ContractError, ControlEnvelope, MessageEvent, MessageKind, new_identifier
ModuleNotFoundError: No module named 'workbench'


----------------------------------------------------------------------
Ran 111 tests in 53.307s

FAILED (errors=1)
