{
  "results": [
    {
      "shell": "bash",
      "case": "unsubmitted",
      "admission": "held",
      "stale_identity_held": false,
      "successful_dispatches": 0,
      "parent_prompt_and_new_input": false,
      "marker_absent": true,
      "owned_pids_stopped": [
        565423
      ]
    },
    {
      "shell": "bash",
      "case": "multiline",
      "admission": "held",
      "stale_identity_held": false,
      "successful_dispatches": 0,
      "parent_prompt_and_new_input": false,
      "marker_absent": true,
      "owned_pids_stopped": [
        565565
      ]
    },
    {
      "shell": "bash",
      "case": "repl",
      "admission": "held",
      "stale_identity_held": false,
      "successful_dispatches": 0,
      "parent_prompt_and_new_input": false,
      "marker_absent": true,
      "owned_pids_stopped": [
        565670,
        565685
      ]
    },
    {
      "shell": "bash",
      "case": "background",
      "admission": "held",
      "stale_identity_held": false,
      "successful_dispatches": 0,
      "parent_prompt_and_new_input": true,
      "marker_absent": true,
      "owned_pids_stopped": [
        565824,
        565836
      ]
    },
    {
      "shell": "bash",
      "case": "suspended",
      "admission": "held",
      "stale_identity_held": false,
      "successful_dispatches": 0,
      "parent_prompt_and_new_input": true,
      "marker_absent": true,
      "owned_pids_stopped": [
        565952,
        565968
      ]
    },
    {
      "shell": "bash",
      "case": "handoff_trailing",
      "admission": "held",
      "stale_identity_held": false,
      "successful_dispatches": 0,
      "parent_prompt_and_new_input": true,
      "marker_absent": true,
      "owned_pids_stopped": [
        566149
      ]
    },
    {
      "shell": "bash",
      "case": "partial_write",
      "admission": "held",
      "stale_identity_held": false,
      "successful_dispatches": 0,
      "parent_prompt_and_new_input": true,
      "marker_absent": true,
      "owned_pids_stopped": [
        566152
      ]
    },
    {
      "shell": "bash",
      "case": "paste",
      "admission": "held",
      "stale_identity_held": false,
      "successful_dispatches": 0,
      "parent_prompt_and_new_input": true,
      "marker_absent": true,
      "owned_pids_stopped": [
        566158
      ]
    },
    {
      "shell": "bash",
      "case": "query_reply",
      "admission": "held",
      "stale_identity_held": false,
      "successful_dispatches": 0,
      "parent_prompt_and_new_input": true,
      "marker_absent": true,
      "owned_pids_stopped": [
        566162
      ]
    },
    {
      "shell": "bash",
      "case": "clean",
      "admission": "accepted",
      "stale_identity_held": true,
      "successful_dispatches": 2,
      "parent_prompt_and_new_input": true,
      "marker_absent": true,
      "owned_pids_stopped": [
        566165,
        566168,
        566169,
        566173,
        566174
      ]
    },
    {
      "shell": "bash",
      "negative": false,
      "barriers": [
        "main_return",
        "descendant_live",
        "signal_observed",
        "descendant_reaped",
        "wait_empty",
        "input_barrier",
        "input_released",
        "parent_wait",
        "prompt",
        "new_input"
      ],
      "marker_spilled": false,
      "parent_pid_preserved": true,
      "following_line_suppressed": true,
      "queued_marker_spilled": false,
      "trap_restored": true,
      "owned_pids": [
        566176,
        566179,
        566181,
        566200
      ]
    },
    {
      "shell": "bash",
      "negative": true,
      "barriers": [
        "main_return",
        "descendant_live",
        "no_signal_control",
        "descendant_reaped",
        "wait_empty",
        "input_barrier",
        "input_released",
        "parent_wait",
        "prompt",
        "new_input"
      ],
      "marker_spilled": true,
      "parent_pid_preserved": true,
      "following_line_suppressed": true,
      "queued_marker_spilled": true,
      "trap_restored": true,
      "owned_pids": [
        566206,
        566209,
        566210,
        566212
      ]
    },
    {
      "shell": "dash",
      "case": "unsubmitted",
      "admission": "held",
      "stale_identity_held": false,
      "successful_dispatches": 0,
      "parent_prompt_and_new_input": false,
      "marker_absent": true,
      "owned_pids_stopped": [
        566217
      ]
    },
    {
      "shell": "dash",
      "case": "multiline",
      "admission": "held",
      "stale_identity_held": false,
      "successful_dispatches": 0,
      "parent_prompt_and_new_input": false,
      "marker_absent": true,
      "owned_pids_stopped": [
        566221
      ]
    },
    {
      "shell": "dash",
      "case": "repl",
      "admission": "held",
      "stale_identity_held": false,
      "successful_dispatches": 0,
      "parent_prompt_and_new_input": false,
      "marker_absent": true,
      "owned_pids_stopped": [
        566224,
        566227
      ]
    },
    {
      "shell": "dash",
      "case": "background",
      "admission": "held",
      "stale_identity_held": false,
      "successful_dispatches": 0,
      "parent_prompt_and_new_input": true,
      "marker_absent": true,
      "owned_pids_stopped": [
        566229,
        566232
      ]
    },
    {
      "shell": "dash",
      "case": "suspended",
      "admission": "held",
      "stale_identity_held": false,
      "successful_dispatches": 0,
      "parent_prompt_and_new_input": true,
      "marker_absent": true,
      "owned_pids_stopped": [
        566239,
        566242
      ]
    },
    {
      "shell": "dash",
      "case": "handoff_trailing",
      "admission": "held",
      "stale_identity_held": false,
      "successful_dispatches": 0,
      "parent_prompt_and_new_input": true,
      "marker_absent": true,
      "owned_pids_stopped": [
        566249
      ]
    },
    {
      "shell": "dash",
      "case": "partial_write",
      "admission": "held",
      "stale_identity_held": false,
      "successful_dispatches": 0,
      "parent_prompt_and_new_input": true,
      "marker_absent": true,
      "owned_pids_stopped": [
        566256
      ]
    },
    {
      "shell": "dash",
      "case": "paste",
      "admission": "held",
      "stale_identity_held": false,
      "successful_dispatches": 0,
      "parent_prompt_and_new_input": true,
      "marker_absent": true,
      "owned_pids_stopped": [
        566263
      ]
    },
    {
      "shell": "dash",
      "case": "query_reply",
      "admission": "held",
      "stale_identity_held": false,
      "successful_dispatches": 0,
      "parent_prompt_and_new_input": true,
      "marker_absent": true,
      "owned_pids_stopped": [
        566270
      ]
    },
    {
      "shell": "dash",
      "case": "clean",
      "admission": "accepted",
      "stale_identity_held": true,
      "successful_dispatches": 2,
      "parent_prompt_and_new_input": true,
      "marker_absent": true,
      "owned_pids_stopped": [
        566277,
        566282,
        566284,
        566290,
        566291
      ]
    },
    {
      "shell": "dash",
      "negative": false,
      "barriers": [
        "main_return",
        "descendant_live",
        "signal_observed",
        "descendant_reaped",
        "wait_empty",
        "input_barrier",
        "input_released",
        "parent_wait",
        "prompt",
        "new_input"
      ],
      "marker_spilled": false,
      "parent_pid_preserved": true,
      "following_line_suppressed": true,
      "queued_marker_spilled": false,
      "trap_restored": true,
      "owned_pids": [
        566295,
        566299,
        566304,
        566308
      ]
    },
    {
      "shell": "dash",
      "negative": true,
      "barriers": [
        "main_return",
        "descendant_live",
        "no_signal_control",
        "descendant_reaped",
        "wait_empty",
        "input_barrier",
        "input_released",
        "parent_wait",
        "prompt",
        "new_input"
      ],
      "marker_spilled": true,
      "parent_pid_preserved": true,
      "following_line_suppressed": true,
      "queued_marker_spilled": true,
      "trap_restored": true,
      "owned_pids": [
        566313,
        566317,
        566318,
        566321
      ]
    }
  ],
  "unknown": [
    "external writers bypassing the owner gate",
    "pre-supervisor manual daemons",
    "production adapter integration"
  ]
}
